Component: Arm Compiler for Embedded 6.21 Tool: armlink [5ec1fa00]

==============================================================================

Section Cross References

    main.o(.text.main) refers to zf_common_clock.o(.text.clock_init) for clock_init
    main.o(.text.main) refers to zf_common_debug.o(.text.debug_init) for debug_init
    main.o(.text.main) refers to buzzerandled.o(.text.BuzzerAndLED_Init) for BuzzerAndLED_Init
    main.o(.text.main) refers to zf_driver_pit.o(.text.pit_init) for pit_init
    main.o(.text.main) refers to zf_common_interrupt.o(.text.interrupt_set_priority) for interrupt_set_priority
    main.o(.text.main) refers to motor.o(.text.Motor_Init) for Motor_Init
    main.o(.text.main) refers to encoder.o(.text.Encoder_Init) for Encoder_Init
    main.o(.text.main) refers to sensor.o(.text.Sensor_Init) for Sensor_Init
    main.o(.text.main) refers to kfilter.o(.text.Kalman_Init) for Kalman_Init
    main.o(.text.main) refers to zf_device_key.o(.text.key_init) for key_init
    main.o(.text.main) refers to menu.o(.text.Menu_Init) for Menu_Init
    main.o(.text.main) refers to zf_device_mpu6050.o(.text.mpu6050_init) for mpu6050_init
    main.o(.text.main) refers to f2d.o(.text) for __aeabi_f2d
    main.o(.text.main) refers to printfa.o(i.__0printf) for __2printf
    main.o(.text.main) refers to zf_driver_delay.o(.text.system_delay_ms) for system_delay_ms
    main.o(.text.main) refers to zf_common_clock.o(.data.system_clock) for system_clock
    main.o(.text.main) refers to main.o(.bss..L_MergedGlobals) for [Anonymous Symbol]
    main.o(.ARM.exidx.text.main) refers to main.o(.text.main) for [Anonymous Symbol]
    main.o(.text.pit_handler) refers to zf_device_key.o(.text.key_scanner) for key_scanner
    main.o(.text.pit_handler) refers to zf_device_key.o(.text.key_get_state) for key_get_state
    main.o(.text.pit_handler) refers to menu.o(.text.Menu_Up) for Menu_Up
    main.o(.text.pit_handler) refers to menu.o(.text.Menu_Down) for Menu_Down
    main.o(.text.pit_handler) refers to menu.o(.text.Menu_Forward) for Menu_Forward
    main.o(.text.pit_handler) refers to menu.o(.text.Menu_Backward) for Menu_Backward
    main.o(.text.pit_handler) refers to menu.o(.text.Menu_SavePIDToFlash) for Menu_SavePIDToFlash
    main.o(.text.pit_handler) refers to menu.o(.text.Menu_JustRefreshValue) for Menu_JustRefreshValue
    main.o(.text.pit_handler) refers to zf_device_mpu6050.o(.text.mpu6050_get_gyro) for mpu6050_get_gyro
    main.o(.text.pit_handler) refers to zf_device_mpu6050.o(.text.mpu6050_get_acc) for mpu6050_get_acc
    main.o(.text.pit_handler) refers to zf_device_mpu6050.o(.text.mpu6050_gyro_transition) for mpu6050_gyro_transition
    main.o(.text.pit_handler) refers to f2d.o(.text) for __aeabi_f2d
    main.o(.text.pit_handler) refers to dmul.o(.text) for __aeabi_dmul
    main.o(.text.pit_handler) refers to dadd.o(.text) for __aeabi_dadd
    main.o(.text.pit_handler) refers to d2f.o(.text) for __aeabi_d2f
    main.o(.text.pit_handler) refers to main.o(.text.OUTLINED_FUNCTION_0) for OUTLINED_FUNCTION_0
    main.o(.text.pit_handler) refers to fflti.o(.text) for __aeabi_i2f
    main.o(.text.pit_handler) refers to kfilter.o(.text.calculatePitchAngle) for calculatePitchAngle
    main.o(.text.pit_handler) refers to fadd.o(.text) for __aeabi_fsub
    main.o(.text.pit_handler) refers to encoder.o(.text.Get_Count2) for Get_Count2
    main.o(.text.pit_handler) refers to encoder.o(.text.Get_Count1) for Get_Count1
    main.o(.text.pit_handler) refers to encoder.o(.text.Encoder_Clear) for Encoder_Clear
    main.o(.text.pit_handler) refers to main.o(.bss..L_MergedGlobals) for [Anonymous Symbol]
    main.o(.text.pit_handler) refers to main.o(.data.pit_handler.Count1) for [Anonymous Symbol]
    main.o(.text.pit_handler) refers to zf_device_mpu6050.o(.bss..L_MergedGlobals) for mpu6050_gyro_z
    main.o(.ARM.exidx.text.pit_handler) refers to main.o(.text.pit_handler) for [Anonymous Symbol]
    main.o(.ARM.exidx.text.OUTLINED_FUNCTION_0) refers to main.o(.text.OUTLINED_FUNCTION_0) for [Anonymous Symbol]
    isr.o(.text.TIM1_UP_IRQHandler) refers to isr.o(.text.OUTLINED_FUNCTION_0) for OUTLINED_FUNCTION_0
    isr.o(.ARM.exidx.text.TIM1_UP_IRQHandler) refers to isr.o(.text.TIM1_UP_IRQHandler) for [Anonymous Symbol]
    isr.o(.text.TIM2_IRQHandler) refers to isr.o(.text.OUTLINED_FUNCTION_0) for OUTLINED_FUNCTION_0
    isr.o(.ARM.exidx.text.TIM2_IRQHandler) refers to isr.o(.text.TIM2_IRQHandler) for [Anonymous Symbol]
    isr.o(.text.TIM3_IRQHandler) refers to isr.o(.text.OUTLINED_FUNCTION_0) for OUTLINED_FUNCTION_0
    isr.o(.ARM.exidx.text.TIM3_IRQHandler) refers to isr.o(.text.TIM3_IRQHandler) for [Anonymous Symbol]
    isr.o(.text.TIM4_IRQHandler) refers to isr.o(.text.OUTLINED_FUNCTION_0) for OUTLINED_FUNCTION_0
    isr.o(.ARM.exidx.text.TIM4_IRQHandler) refers to isr.o(.text.TIM4_IRQHandler) for [Anonymous Symbol]
[...]
    [Anonymous Symbol]                       0x0800401c   Section        0  zf_device_type.o(.text.type_default_callback)
    [Anonymous Symbol]                       0x08004020   Section        0  zf_driver_uart.o(.text.uart_init)
    __arm_cp.7_1                             0x08004184   Number         4  zf_driver_uart.o(.text.uart_init)
    __arm_cp.7_2                             0x08004188   Number         4  zf_driver_uart.o(.text.uart_init)
    __arm_cp.7_3                             0x0800418c   Number         4  zf_driver_uart.o(.text.uart_init)
    [Anonymous Symbol]                       0x08004190   Section        0  zf_driver_uart.o(.text.uart_query_byte)
    [Anonymous Symbol]                       0x080041bc   Section        0  zf_driver_uart.o(.text.uart_write_byte)
    __arm_cp.0_0                             0x080041cc   Number         4  zf_driver_uart.o(.text.uart_write_byte)
    [Anonymous Symbol]                       0x080041d0   Section        0  zf_driver_uart.o(.text.uart_write_string)
    __arm_cp.2_0                             0x080041f8   Number         4  zf_driver_uart.o(.text.uart_write_string)
    i.__0printf                              0x080041fc   Section        0  printfa.o(i.__0printf)
    i.__0sprintf                             0x0800421c   Section        0  printfa.o(i.__0sprintf)
    i.__ARM_fpclassify                       0x08004244   Section        0  fpclassify.o(i.__ARM_fpclassify)
    i.__kernel_poly                          0x0800426c   Section        0  poly.o(i.__kernel_poly)
    i.__mathlib_dbl_infnan                   0x08004316   Section        0  dunder.o(i.__mathlib_dbl_infnan)
    i.__mathlib_dbl_infnan2                  0x0800431c   Section        0  dunder.o(i.__mathlib_dbl_infnan2)
    i.__mathlib_dbl_underflow                0x08004320   Section        0  dunder.o(i.__mathlib_dbl_underflow)
    i.__scatterload_copy                     0x08004330   Section       14  handlers.o(i.__scatterload_copy)
    i.__scatterload_null                     0x0800433e   Section        2  handlers.o(i.__scatterload_null)
    i.__scatterload_zeroinit                 0x08004340   Section       14  handlers.o(i.__scatterload_zeroinit)
    i.__set_errno                            0x08004350   Section        0  errno.o(i.__set_errno)
    _fp_digits                               0x0800435d   Thumb Code   366  printfa.o(i._fp_digits)
    i._fp_digits                             0x0800435c   Section        0  printfa.o(i._fp_digits)
    _printf_core                             0x080044e1   Thumb Code  1744  printfa.o(i._printf_core)
    i._printf_core                           0x080044e0   Section        0  printfa.o(i._printf_core)
    _printf_post_padding                     0x08004bbd   Thumb Code    36  printfa.o(i._printf_post_padding)
    i._printf_post_padding                   0x08004bbc   Section        0  printfa.o(i._printf_post_padding)
    _printf_pre_padding                      0x08004be1   Thumb Code    46  printfa.o(i._printf_pre_padding)
    i._printf_pre_padding                    0x08004be0   Section        0  printfa.o(i._printf_pre_padding)
    _sputc                                   0x08004c0f   Thumb Code    10  printfa.o(i._sputc)
    i._sputc                                 0x08004c0e   Section        0  printfa.o(i._sputc)
    i.atan                                   0x08004c18   Section        0  atan.o(i.atan)
    i.atan2                                  0x08004e38   Section        0  atan2.o(i.atan2)
    i.sqrt                                   0x08004fd4   Section        0  sqrt.o(i.sqrt)
    atanhi                                   0x08005020   Data          32  atan.o(.constdata)
    .constdata                               0x08005020   Section      152  atan.o(.constdata)
    atanlo                                   0x08005040   Data          32  atan.o(.constdata)
    aTodd                                    0x08005060   Data          40  atan.o(.constdata)
    aTeven                                   0x08005088   Data          48  atan.o(.constdata)
    .constdata                               0x080050b8   Section        8  qnan.o(.constdata)
    [Anonymous Symbol]                       0x080050c0   Section        0  zf_common_debug.o(.rodata..L__const.debug_protective_handler.pin_list)
    uart_index                               0x08005984   Data          32  zf_driver_uart.o(.rodata.cst32)
    [Anonymous Symbol]                       0x08005984   Section        0  zf_driver_uart.o(.rodata.cst32)
    key_index                                0x080059a4   Data           4  zf_device_key.o(.rodata.cst4)
    [Anonymous Symbol]                       0x080059a4   Section        0  zf_device_key.o(.rodata.cst4)
    adc_index                                0x080059a8   Data           8  zf_driver_adc.o(.rodata.cst8)
    [Anonymous Symbol]                       0x080059a8   Section        0  zf_driver_adc.o(.rodata.cst8)
    spi_index                                0x080059b0   Data           8  zf_driver_spi.o(.rodata.cst8)
    [Anonymous Symbol]                       0x080059b0   Section        0  zf_driver_spi.o(.rodata.cst8)
    [Anonymous Symbol]                       0x080059b8   Section        0  zf_common_debug.o(.rodata.str1.1)
    [Anonymous Symbol]                       0x080059c1   Section        0  zf_common_fifo.o(.rodata.str1.1)
    [Anonymous Symbol]                       0x080059ec   Section        0  zf_common_function.o(.rodata.str1.1)
    [Anonymous Symbol]                       0x08005a1b   Section        0  zf_driver_delay.o(.rodata.str1.1)
    [Anonymous Symbol]                       0x08005a47   Section        0  zf_driver_encoder.o(.rodata.str1.1)
    [Anonymous Symbol]                       0x08005a75   Section        0  zf_driver_flash.o(.rodata.str1.1)
    [Anonymous Symbol]                       0x08005aa1   Section        0  zf_driver_pit.o(.rodata.str1.1)
    [Anonymous Symbol]                       0x08005acb   Section        0  zf_driver_pwm.o(.rodata.str1.1)
    [Anonymous Symbol]                       0x08005af5   Section        0  zf_driver_soft_iic.o(.rodata.str1.1)
    [Anonymous Symbol]                       0x08005b24   Section        0  zf_driver_spi.o(.rodata.str1.1)
    [Anonymous Symbol]                       0x08005b4e   Section        0  zf_driver_uart.o(.rodata.str1.1)
    [Anonymous Symbol]                       0x08005b79   Section        0  zf_device_oled.o(.rodata.str1.1)
    .data                                    0x20000000   Section        4  stdout.o(.data)
    _errno                                   0x20000004   Data           4  errno.o(.data)
    .data                                    0x20000004   Section        4  errno.o(.data)
    [Anonymous Symbol]                       0x20000008   Section        0  zf_device_type.o(.data..L_MergedGlobals)
    dm1xa_distance_mm                        0x20000016   Data           2  zf_device_dm1xa.o(.data.dm1xa_distance_mm)
    [Anonymous Symbol]                       0x20000016   Section        0  zf_device_dm1xa.o(.data.dm1xa_distance_mm)
    encoder_dir_pin                          0x20000018   Data           8  zf_driver_encoder.o(.data.encoder_dir_pin)
    [Anonymous Symbol]                       0x20000018   Section        0  zf_driver_encoder.o(.data.encoder_dir_pin)
    pit_handler.Count1                       0x200070c0   Data           1  main.o(.data.pit_handler.Count1)
    [Anonymous Symbol]                       0x200070c0   Section        0  main.o(.data.pit_handler.Count1)
    zf_debug_assert_enable                   0x200070cc   Data           1  zf_common_debug.o(.data.zf_debug_assert_enable)
    [Anonymous Symbol]                       0x200070cc   Section        0  zf_common_debug.o(.data.zf_debug_assert_enable)
    pit_handler.Count0                       0x200070d0   Data           1  main.o(.bss..L_MergedGlobals)
    [Anonymous Symbol]                       0x200070d0   Section        0  main.o(.bss..L_MergedGlobals)
    pit_handler.Count2                       0x200070d1   Data           1  main.o(.bss..L_MergedGlobals)
    zf_debug_init_flag                       0x20007114   Data           1  zf_common_debug.o(.bss..L_MergedGlobals)
    [Anonymous Symbol]                       0x20007114   Section        0  zf_common_debug.o(.bss..L_MergedGlobals)
    debug_output_info.3                      0x20007116   Data           1  zf_common_debug.o(.bss..L_MergedGlobals)
    debug_output_info.4                      0x20007118   Data           1  zf_common_debug.o(.bss..L_MergedGlobals)
    debug_output_info.0                      0x2000711c   Data           2  zf_common_debug.o(.bss..L_MergedGlobals)
    debug_output_info.1                      0x20007120   Data           2  zf_common_debug.o(.bss..L_MergedGlobals)
    debug_output_info.5                      0x20007124   Data           4  zf_common_debug.o(.bss..L_MergedGlobals)
    debug_output_info.6                      0x20007128   Data           4  zf_common_debug.o(.bss..L_MergedGlobals)
    debug_output_info.7                      0x2000712c   Data           4  zf_common_debug.o(.bss..L_MergedGlobals)
    timer_function_state                     0x20007130   Data           8  zf_driver_timer.o(.bss..L_MergedGlobals)
    [Anonymous Symbol]                       0x20007130   Section        0  zf_driver_timer.o(.bss..L_MergedGlobals)
    timer_mode_state                         0x20007138   Data           8  zf_driver_timer.o(.bss..L_MergedGlobals)
    [Anonymous Symbol]                       0x20007140   Section        0  zf_device_dl1a.o(.bss..L_MergedGlobals)
    dl1a_iic_struct                          0x20007144   Data          16  zf_device_dl1a.o(.bss..L_MergedGlobals)
    dm1xa_type                               0x20007154   Data           1  zf_device_dm1xa.o(.bss..L_MergedGlobals)
    [Anonymous Symbol]                       0x20007154   Section        0  zf_device_dm1xa.o(.bss..L_MergedGlobals)
    dm1xa_ranging_state                      0x20007155   Data           1  zf_device_dm1xa.o(.bss..L_MergedGlobals)
    dm1xa_plus_count                         0x20007158   Data           4  zf_device_dm1xa.o(.bss..L_MergedGlobals)
    [Anonymous Symbol]                       0x20007160   Section        0  zf_device_gps_tau1201.o(.bss..L_MergedGlobals)
    gps_tau1201_state                        0x20007163   Data           1  zf_device_gps_tau1201.o(.bss..L_MergedGlobals)
    gps_tau1201_receiver_fifo                0x20007164   Data          24  zf_device_gps_tau1201.o(.bss..L_MergedGlobals)
    scanner_period                           0x200071c0   Data           4  zf_device_key.o(.bss..L_MergedGlobals)
    [Anonymous Symbol]                       0x200071c0   Section        0  zf_device_key.o(.bss..L_MergedGlobals)
    key_state                                0x200071c4   Data           4  zf_device_key.o(.bss..L_MergedGlobals)
    key_press_time                           0x200071c8   Data          16  zf_device_key.o(.bss..L_MergedGlobals)
    [Anonymous Symbol]                       0x200071d8   Section        0  zf_device_mpu6050.o(.bss..L_MergedGlobals)
    mpu6050_iic_struct                       0x200071e4   Data          16  zf_device_mpu6050.o(.bss..L_MergedGlobals)
    oled_display_dir                         0x200071f4   Data           1  zf_device_oled.o(.bss..L_MergedGlobals)
    [Anonymous Symbol]                       0x200071f4   Section        0  zf_device_oled.o(.bss..L_MergedGlobals)
    oled_display_font                        0x200071f5   Data           1  zf_device_oled.o(.bss..L_MergedGlobals)
    tsl1401_init_state                       0x200071f6   Data           1  zf_device_tsl1401.o(.bss..L_MergedGlobals)
    [Anonymous Symbol]                       0x200071f6   Section        0  zf_device_tsl1401.o(.bss..L_MergedGlobals)
    [Anonymous Symbol]                       0x200071f8   Section        0  menu.o(.bss..L_MergedGlobals)
    adc_resolution                           0x200071fe   Data           2  zf_driver_adc.o(.bss.adc_resolution)
    [Anonymous Symbol]                       0x200071fe   Section        0  zf_driver_adc.o(.bss.adc_resolution)
    debug_assert_handler.assert_nest_index   0x20007200   Data           1  zf_common_debug.o(.bss.debug_assert_handler.assert_nest_index)
    [Anonymous Symbol]                       0x20007200   Section        0  zf_common_debug.o(.bss.debug_assert_handler.assert_nest_index)
    gps_gga_buffer                           0x20007604   Data         128  zf_device_gps_tau1201.o(.bss.gps_gga_buffer)
    [Anonymous Symbol]                       0x20007604   Section        0  zf_device_gps_tau1201.o(.bss.gps_gga_buffer)
    gps_rmc_buffer                           0x20007684   Data         128  zf_device_gps_tau1201.o(.bss.gps_rmc_buffer)
    [Anonymous Symbol]                       0x20007684   Section        0  zf_device_gps_tau1201.o(.bss.gps_rmc_buffer)
    interrupt_nest_count                     0x20007704   Data           4  zf_common_interrupt.o(.bss.interrupt_nest_count)
    [Anonymous Symbol]                       0x20007704   Section        0  zf_common_interrupt.o(.bss.interrupt_nest_count)

    Global Symbols

    Symbol Name                              Value     Ov Type        Size  Object(Section)

    BuildAttributes$$THM_ISAv4$P$D$K$B$S$PE$A:L22UL41UL21$X:L11$S22US41US21$IEEE1$IW$~IW$USESV6$~STKCKD$USESV7$~SHL$OTIME$ROPI$IEEEX$EBA8$MICROLIB$REQ8$PRES8$EABIv2 0x00000000   Number         0  anon$$obj.o ABSOLUTE
    _printf_a                                0x00000000   Number         0  printfstubs.o ABSOLUTE
    _printf_c                                0x00000000   Number         0  printfstubs.o ABSOLUTE
    _printf_charcount                        0x00000000   Number         0  printfstubs.o ABSOLUTE
    _printf_d                                0x00000000   Number         0  printfstubs.o ABSOLUTE
    _printf_e                                0x00000000   Number         0  printfstubs.o ABSOLUTE
    _printf_f                                0x00000000   Number         0  printfstubs.o ABSOLUTE
    _printf_flags                            0x00000000   Number         0  printfstubs.o ABSOLUTE
    _printf_fp_dec                           0x00000000   Number         0  printfstubs.o ABSOLUTE
    _printf_fp_hex                           0x00000000   Number         0  printfstubs.o ABSOLUTE
    _printf_g                                0x00000000   Number         0  printfstubs.o ABSOLUTE
    _printf_i                                0x00000000   Number         0  printfstubs.o ABSOLUTE
    _printf_int_dec                          0x00000000   Number         0  printfstubs.o ABSOLUTE
    _printf_l                                0x00000000   Number         0  printfstubs.o ABSOLUTE
    _printf_lc                               0x00000000   Number         0  printfstubs.o ABSOLUTE
    _printf_ll                               0x00000000   Number         0  printfstubs.o ABSOLUTE
    _printf_lld                              0x00000000   Number         0  printfstubs.o ABSOLUTE
    _printf_lli                              0x00000000   Number         0  printfstubs.o ABSOLUTE
    _printf_llo                              0x00000000   Number         0  printfstubs.o ABSOLUTE
    _printf_llu                              0x00000000   Number         0  printfstubs.o ABSOLUTE
    _printf_llx                              0x00000000   Number         0  printfstubs.o ABSOLUTE
    _printf_longlong_dec                     0x00000000   Number         0  printfstubs.o ABSOLUTE
    _printf_longlong_hex                     0x00000000   Number         0  printfstubs.o ABSOLUTE
    _printf_longlong_oct                     0x00000000   Number         0  printfstubs.o ABSOLUTE
    _printf_ls                               0x00000000   Number         0  printfstubs.o ABSOLUTE
    _printf_mbtowc                           0x00000000   Number         0  printfstubs.o ABSOLUTE
    _printf_n                                0x00000000   Number         0  printfstubs.o ABSOLUTE
    _printf_o                                0x00000000   Number         0  printfstubs.o ABSOLUTE
    _printf_p                                0x00000000   Number         0  printfstubs.o ABSOLUTE
    _printf_percent                          0x00000000   Number         0  printfstubs.o ABSOLUTE
    _printf_pre_padding                      0x00000000   Number         0  printfstubs.o ABSOLUTE
    _printf_return_value                     0x00000000   Number         0  printfstubs.o ABSOLUTE
    _printf_s                                0x00000000   Number         0  printfstubs.o ABSOLUTE
    _printf_sizespec                         0x00000000   Number         0  printfstubs.o ABSOLUTE
    _printf_str                              0x00000000   Number         0  printfstubs.o ABSOLUTE
    _printf_truncate_signed                  0x00000000   Number         0  printfstubs.o ABSOLUTE
    _printf_truncate_unsigned                0x00000000   Number         0  printfstubs.o ABSOLUTE
    _printf_u                                0x00000000   Number         0  printfstubs.o ABSOLUTE
    _printf_wc                               0x00000000   Number         0  printfstubs.o ABSOLUTE
    _printf_wctomb                           0x00000000   Number         0  printfstubs.o ABSOLUTE
    _printf_widthprec                        0x00000000   Number         0  printfstubs.o ABSOLUTE
    _printf_x                                0x00000000   Number         0  printfstubs.o ABSOLUTE
    __cpp_initialize__aeabi_                  - Undefined Weak Reference
    __cxa_finalize                            - Undefined Weak Reference
    _clock_init                               - Undefined Weak Reference
    _microlib_exit                            - Undefined Weak Reference
    __Vectors_Size                           0x00000190   Number         0  startup_mm32f3277g.o ABSOLUTE
    __Vectors                                0x08000000   Data           4  startup_mm32f3277g.o(RESET)
    __Vectors_End                            0x08000190   Data           0  startup_mm32f3277g.o(RESET)
    __main                                   0x08000401   Thumb Code     0  entry.o(.ARM.Collect$$$$00000000)
    _main_stk                                0x08000401   Thumb Code     0  entry4.o(.ARM.Collect$$$$00000003)
    _main_scatterload                        0x08000405   Thumb Code     0  entry5.o(.ARM.Collect$$$$00000004)
    __main_after_scatterload                 0x08000409   Thumb Code     0  entry5.o(.ARM.Collect$$$$00000004)
    _main_clock                              0x08000409   Thumb Code     0  entry7b.o(.ARM.Collect$$$$00000008)
    _main_cpp_init                           0x08000409   Thumb Code     0  entry8b.o(.ARM.Collect$$$$0000000A)
    _main_init                               0x08000409   Thumb Code     0  entry9a.o(.ARM.Collect$$$$0000000B)
    __rt_final_cpp                           0x08000411   Thumb Code     0  entry10a.o(.ARM.Collect$$$$0000000D)
    __rt_final_exit                          0x08000411   Thumb Code     0  entry11a.o(.ARM.Collect$$$$0000000F)
    Reset_Handler                            0x08000415   Thumb Code     8  startup_mm32f3277g.o(.text)
    NMI_Handler                              0x0800041d   Thumb Code     2  startup_mm32f3277g.o(.text)
    HardFault_Handler                        0x0800041f   Thumb Code     2  startup_mm32f3277g.o(.text)
    MemManage_Handler                        0x08000421   Thumb Code     2  startup_mm32f3277g.o(.text)
    BusFault_Handler                         0x08000423   Thumb Code     2  startup_mm32f3277g.o(.text)
    UsageFault_Handler                       0x08000425   Thumb Code     2  startup_mm32f3277g.o(.text)
    SVC_Handler                              0x08000427   Thumb Code     2  startup_mm32f3277g.o(.text)
    DebugMon_Handler                         0x08000429   Thumb Code     2  startup_mm32f3277g.o(.text)
    PendSV_Handler                           0x0800042b   Thumb Code     2  startup_mm32f3277g.o(.text)
    SysTick_Handler                          0x0800042d   Thumb Code     2  startup_mm32f3277g.o(.text)
    ADC1_2_IRQHandler                        0x0800042f   Thumb Code     0  startup_mm32f3277g.o(.text)
    ADC3_IRQHandler                          0x0800042f   Thumb Code     0  startup_mm32f3277g.o(.text)
    CAN1_RX_IRQHandler                       0x0800042f   Thumb Code     0  startup_mm32f3277g.o(.text)
    COMP1_2_IRQHandler                       0x0800042f   Thumb Code     0  startup_mm32f3277g.o(.text)
    ETH_IRQHandler                           0x0800042f   Thumb Code     0  startup_mm32f3277g.o(.text)
    FLASH_IRQHandler                         0x0800042f   Thumb Code     0  startup_mm32f3277g.o(.text)
    FlashCache_IRQHandler                    0x0800042f   Thumb Code     0  startup_mm32f3277g.o(.text)
    I2C1_IRQHandler                          0x0800042f   Thumb Code     0  startup_mm32f3277g.o(.text)
    I2C2_IRQHandler                          0x0800042f   Thumb Code     0  startup_mm32f3277g.o(.text)
    OTG_FS_IRQHandler                        0x0800042f   Thumb Code     0  startup_mm32f3277g.o(.text)
    OTG_FS_WKUP_IRQHandler                   0x0800042f   Thumb Code     0  startup_mm32f3277g.o(.text)
    PVD_IRQHandler                           0x0800042f   Thumb Code     0  startup_mm32f3277g.o(.text)
    RCC_CRS_IRQHandler                       0x0800042f   Thumb Code     0  startup_mm32f3277g.o(.text)
    RTCAlarm_IRQHandler                      0x0800042f   Thumb Code     0  startup_mm32f3277g.o(.text)
    RTC_IRQHandler                           0x0800042f   Thumb Code     0  startup_mm32f3277g.o(.text)
    SDIO_IRQHandler                          0x0800042f   Thumb Code     0  startup_mm32f3277g.o(.text)
    SPI1_IRQHandler                          0x0800042f   Thumb Code     0  startup_mm32f3277g.o(.text)
    SPI2_IRQHandler                          0x0800042f   Thumb Code     0  startup_mm32f3277g.o(.text)
    SPI3_IRQHandler                          0x0800042f   Thumb Code     0  startup_mm32f3277g.o(.text)
    TAMPER_IRQHandler                        0x0800042f   Thumb Code     0  startup_mm32f3277g.o(.text)
    TIM1_BRK_IRQHandler                      0x0800042f   Thumb Code     0  startup_mm32f3277g.o(.text)
    TIM1_CC_IRQHandler                       0x0800042f   Thumb Code     0  startup_mm32f3277g.o(.text)
    TIM1_TRG_COM_IRQHandler                  0x0800042f   Thumb Code     0  startup_mm32f3277g.o(.text)
    TIM8_BRK_IRQHandler                      0x0800042f   Thumb Code     0  startup_mm32f3277g.o(.text)
    TIM8_CC_IRQHandler                       0x0800042f   Thumb Code     0  startup_mm32f3277g.o(.text)
    TIM8_TRG_COM_IRQHandler                  0x0800042f   Thumb Code     0  startup_mm32f3277g.o(.text)
    WWDG_IRQHandler                          0x0800042f   Thumb Code     0  startup_mm32f3277g.o(.text)
    __aeabi_memcpy                           0x08000439   Thumb Code    36  memcpya.o(.text)
    __aeabi_memcpy4                          0x08000439   Thumb Code     0  memcpya.o(.text)
    __aeabi_memcpy8                          0x08000439   Thumb Code     0  memcpya.o(.text)
    __aeabi_memset                           0x0800045d   Thumb Code    14  memseta.o(.text)
    __aeabi_memset4                          0x0800045d   Thumb Code     0  memseta.o(.text)
    __aeabi_memset8                          0x0800045d   Thumb Code     0  memseta.o(.text)
    __aeabi_memclr                           0x0800046b   Thumb Code     4  memseta.o(.text)
    __aeabi_memclr4                          0x0800046b   Thumb Code     0  memseta.o(.text)
    __aeabi_memclr8                          0x0800046b   Thumb Code     0  memseta.o(.text)
    _memset$wrapper                          0x0800046f   Thumb Code    18  memseta.o(.text)
    strlen                                   0x08000481   Thumb Code    14  strlen.o(.text)
    memcmp                                   0x0800048f   Thumb Code    26  memcmp.o(.text)
    __aeabi_fadd                             0x080004a9   Thumb Code   164  fadd.o(.text)
    __aeabi_fsub                             0x0800054d   Thumb Code     6  fadd.o(.text)
    __aeabi_frsub                            0x08000553   Thumb Code     6  fadd.o(.text)
    __aeabi_fmul                             0x08000559   Thumb Code   100  fmul.o(.text)
    __aeabi_fdiv                             0x080005bd   Thumb Code   124  fdiv.o(.text)
    __aeabi_dadd                             0x08000639   Thumb Code   322  dadd.o(.text)
    __aeabi_dsub                             0x0800077b   Thumb Code     6  dadd.o(.text)
    __aeabi_drsub                            0x08000781   Thumb Code     6  dadd.o(.text)
    __aeabi_dmul                             0x08000787   Thumb Code   228  dmul.o(.text)
    __aeabi_ddiv                             0x0800086b   Thumb Code   222  ddiv.o(.text)
    __aeabi_fcmpge                           0x08000949   Thumb Code    28  fcmpge.o(.text)
    __aeabi_fcmpeq                           0x08000965   Thumb Code    28  fcmpeq.o(.text)
    __aeabi_i2f                              0x08000981   Thumb Code    18  fflti.o(.text)
    __aeabi_ui2f                             0x08000993   Thumb Code    10  ffltui.o(.text)
    __aeabi_f2iz                             0x0800099d   Thumb Code    50  ffixi.o(.text)
    __aeabi_d2iz                             0x080009cf   Thumb Code    62  dfixi.o(.text)
    __aeabi_f2d                              0x08000a0d   Thumb Code    38  f2d.o(.text)
    __aeabi_d2f                              0x08000a33   Thumb Code    56  d2f.o(.text)
    __aeabi_uidiv                            0x08000a6b   Thumb Code     0  uidiv.o(.text)
    __aeabi_uidivmod                         0x08000a6b   Thumb Code    44  uidiv.o(.text)
    __aeabi_uldivmod                         0x08000a97   Thumb Code    98  uldiv.o(.text)
    __aeabi_llsl                             0x08000af9   Thumb Code    30  llshl.o(.text)
    _ll_shift_l                              0x08000af9   Thumb Code     0  llshl.o(.text)
    __aeabi_llsr                             0x08000b17   Thumb Code    32  llushr.o(.text)
    _ll_ushift_r                             0x08000b17   Thumb Code     0  llushr.o(.text)
    __aeabi_lasr                             0x08000b37   Thumb Code    36  llsshr.o(.text)
    _ll_sshift_r                             0x08000b37   Thumb Code     0  llsshr.o(.text)
    __I$use$fp                               0x08000b5b   Thumb Code     0  iusefp.o(.text)
    _float_round                             0x08000b5b   Thumb Code    18  fepilogue.o(.text)
    _float_epilogue                          0x08000b6d   Thumb Code    92  fepilogue.o(.text)
    _double_round                            0x08000bc9   Thumb Code    30  depilogue.o(.text)
    _double_epilogue                         0x08000be7   Thumb Code   156  depilogue.o(.text)
    __ARM_scalbn                             0x08000c83   Thumb Code    46  dscalb.o(.text)
    scalbn                                   0x08000c83   Thumb Code     0  dscalb.o(.text)
    _dsqrt                                   0x08000cb1   Thumb Code   162  dsqrt.o(.text)
    __aeabi_d2ulz                            0x08000d53   Thumb Code    48  dfixul.o(.text)
    __aeabi_cdcmpeq                          0x08000d85   Thumb Code     0  cdcmple.o(.text)
    __aeabi_cdcmple                          0x08000d85   Thumb Code    48  cdcmple.o(.text)
    __aeabi_cdrcmple                         0x08000db5   Thumb Code    48  cdrcmple.o(.text)
    __scatterload                            0x08000de5   Thumb Code    38  init.o(.text)
    __scatterload_rt2                        0x08000de5   Thumb Code     0  init.o(.text)
    __decompress                             0x08000e15   Thumb Code     0  __dczerorl2.o(.text)
    __decompress1                            0x08000e15   Thumb Code    86  __dczerorl2.o(.text)
    BuzzerAndLED_Init                        0x08000e6b   Thumb Code    30  buzzerandled.o(.text.BuzzerAndLED_Init)
    DMA1_Channel1_IRQHandler                 0x08000e89   Thumb Code    20  isr.o(.text.DMA1_Channel1_IRQHandler)
    DMA1_Channel2_IRQHandler                 0x08000e9d   Thumb Code    20  isr.o(.text.DMA1_Channel2_IRQHandler)
    DMA1_Channel3_IRQHandler                 0x08000eb1   Thumb Code    20  isr.o(.text.DMA1_Channel3_IRQHandler)
    DMA1_Channel4_IRQHandler                 0x08000ec5   Thumb Code    28  isr.o(.text.DMA1_Channel4_IRQHandler)
    DMA1_Channel5_IRQHandler                 0x08000ee5   Thumb Code    20  isr.o(.text.DMA1_Channel5_IRQHandler)
    DMA1_Channel6_IRQHandler                 0x08000ef9   Thumb Code    20  isr.o(.text.DMA1_Channel6_IRQHandler)
    DMA1_Channel7_IRQHandler                 0x08000f0d   Thumb Code    20  isr.o(.text.DMA1_Channel7_IRQHandler)
    DMA2_Channel1_IRQHandler                 0x08000f25   Thumb Code    20  isr.o(.text.DMA2_Channel1_IRQHandler)
    DMA2_Channel2_IRQHandler                 0x08000f39   Thumb Code    20  isr.o(.text.DMA2_Channel2_IRQHandler)
    DMA2_Channel3_IRQHandler                 0x08000f4d   Thumb Code    20  isr.o(.text.DMA2_Channel3_IRQHandler)
    DMA2_Channel4_IRQHandler                 0x08000f61   Thumb Code    20  isr.o(.text.DMA2_Channel4_IRQHandler)
    DMA2_Channel5_IRQHandler                 0x08000f75   Thumb Code    20  isr.o(.text.DMA2_Channel5_IRQHandler)
    EXTI0_IRQHandler                         0x08000f8d   Thumb Code    12  isr.o(.text.EXTI0_IRQHandler)
    EXTI15_10_IRQHandler                     0x08000f99   Thumb Code   100  isr.o(.text.EXTI15_10_IRQHandler)
    EXTI1_IRQHandler                         0x08000ffd   Thumb Code    12  isr.o(.text.EXTI1_IRQHandler)
    EXTI2_IRQHandler                         0x08001009   Thumb Code    12  isr.o(.text.EXTI2_IRQHandler)
    EXTI3_IRQHandler                         0x08001015   Thumb Code    12  isr.o(.text.EXTI3_IRQHandler)
    EXTI4_IRQHandler                         0x08001021   Thumb Code    20  isr.o(.text.EXTI4_IRQHandler)
    EXTI9_5_IRQHandler                       0x08001035   Thumb Code    84  isr.o(.text.EXTI9_5_IRQHandler)
    Encoder_Clear                            0x08001091   Thumb Code    18  encoder.o(.text.Encoder_Clear)
    Encoder_Init                             0x080010a3   Thumb Code    46  encoder.o(.text.Encoder_Init)
    Get_Count1                               0x080010d1   Thumb Code     6  encoder.o(.text.Get_Count1)
    Get_Count2                               0x080010d7   Thumb Code     6  encoder.o(.text.Get_Count2)
    Kalman_Calculate                         0x080010dd   Thumb Code   292  kfilter.o(.text.Kalman_Calculate)
    Kalman_Init                              0x08001201   Thumb Code    20  kfilter.o(.text.Kalman_Init)
    Menu_Backward                            0x08001215   Thumb Code    64  menu.o(.text.Menu_Backward)
    Menu_Down                                0x08001255   Thumb Code    68  menu.o(.text.Menu_Down)
    Menu_Event                               0x08001299   Thumb Code    16  menu.o(.text.Menu_Event)
    Menu_Forward                             0x080012a9   Thumb Code   104  menu.o(.text.Menu_Forward)
    Menu_Init                                0x08001311   Thumb Code    40  menu.o(.text.Menu_Init)
    Menu_JustRefreshValue                    0x08001339   Thumb Code   156  menu.o(.text.Menu_JustRefreshValue)
    Menu_ReadFlashToValue                    0x080013d5   Thumb Code    88  menu.o(.text.Menu_ReadFlashToValue)
    Menu_Refresh                             0x08001435   Thumb Code   292  menu.o(.text.Menu_Refresh)
    Menu_RefreshValue                        0x08001589   Thumb Code    68  menu.o(.text.Menu_RefreshValue)
    Menu_SavePIDToFlash                      0x080015d5   Thumb Code   100  menu.o(.text.Menu_SavePIDToFlash)
    Menu_Up                                  0x08001649   Thumb Code    68  menu.o(.text.Menu_Up)
    Motor_Init                               0x08001695   Thumb Code    56  motor.o(.text.Motor_Init)
    Sensor_Init                              0x080019a5   Thumb Code    64  sensor.o(.text.Sensor_Init)
    SystemInit                               0x080019e9   Thumb Code     8  system_mm32f3277g.o(.text.SystemInit)
    TIM1_UP_IRQHandler                       0x080019f5   Thumb Code     8  isr.o(.text.TIM1_UP_IRQHandler)
    TIM2_IRQHandler                          0x08001a01   Thumb Code     8  isr.o(.text.TIM2_IRQHandler)
    TIM3_IRQHandler                          0x08001a0d   Thumb Code     8  isr.o(.text.TIM3_IRQHandler)
    TIM4_IRQHandler                          0x08001a19   Thumb Code     8  isr.o(.text.TIM4_IRQHandler)
    TIM5_IRQHandler                          0x08001a25   Thumb Code     8  isr.o(.text.TIM5_IRQHandler)
    TIM6_IRQHandler                          0x08001a31   Thumb Code    12  isr.o(.text.TIM6_IRQHandler)
    TIM7_IRQHandler                          0x08001a41   Thumb Code     8  isr.o(.text.TIM7_IRQHandler)
    TIM8_UP_IRQHandler                       0x08001a4d   Thumb Code    12  isr.o(.text.TIM8_UP_IRQHandler)
    UART1_IRQHandler                         0x08001a5d   Thumb Code    32  isr.o(.text.UART1_IRQHandler)
    UART2_IRQHandler                         0x08001a81   Thumb Code    32  isr.o(.text.UART2_IRQHandler)
    UART3_IRQHandler                         0x08001aa5   Thumb Code    32  isr.o(.text.UART3_IRQHandler)
    UART4_IRQHandler                         0x08001ac9   Thumb Code    32  isr.o(.text.UART4_IRQHandler)
    UART5_IRQHandler                         0x08001aed   Thumb Code    32  isr.o(.text.UART5_IRQHandler)
    UART6_IRQHandler                         0x08001b11   Thumb Code    32  isr.o(.text.UART6_IRQHandler)
    UART7_IRQHandler                         0x08001b39   Thumb Code    32  isr.o(.text.UART7_IRQHandler)
    UART8_IRQHandler                         0x08001b5d   Thumb Code    32  isr.o(.text.UART8_IRQHandler)
    adc_convert                              0x08001b85   Thumb Code    60  zf_driver_adc.o(.text.adc_convert)
    afio_init                                0x08001bc9   Thumb Code    92  zf_driver_gpio.o(.text.afio_init)
    calculatePitchAngle                      0x08001c29   Thumb Code    44  kfilter.o(.text.calculatePitchAngle)
    clock_init                               0x08001c59   Thumb Code   436  zf_common_clock.o(.text.clock_init)
    debug_assert_handler                     0x08001e45   Thumb Code   184  zf_common_debug.o(.text.debug_assert_handler)
    debug_init                               0x08001f1d   Thumb Code    60  zf_common_debug.o(.text.debug_init)
    debug_log_handler                        0x08001f5d   Thumb Code    32  zf_common_debug.o(.text.debug_log_handler)
    debug_output_init                        0x080021d1   Thumb Code    36  zf_common_debug.o(.text.debug_output_init)
    debug_output_struct_init                 0x080021f9   Thumb Code    22  zf_common_debug.o(.text.debug_output_struct_init)
    dl1a_get_distance                        0x08002219   Thumb Code    84  zf_device_dl1a.o(.text.dl1a_get_distance)
    dl1a_int_handler                         0x08002275   Thumb Code     4  zf_device_dl1a.o(.text.dl1a_int_handler)
    dm1xa_light_callback                     0x08002279   Thumb Code    24  zf_device_dm1xa.o(.text.dm1xa_light_callback)
    dm1xa_sound_callback                     0x08002291   Thumb Code   124  zf_device_dm1xa.o(.text.dm1xa_sound_callback)
    encoder_clear_count                      0x08002321   Thumb Code    60  zf_driver_encoder.o(.text.encoder_clear_count)
    encoder_get_count                        0x08002361   Thumb Code    88  zf_driver_encoder.o(.text.encoder_get_count)
    encoder_quad_init                        0x080023c1   Thumb Code   156  zf_driver_encoder.o(.text.encoder_quad_init)
    fifo_clear                               0x08002465   Thumb Code    88  zf_common_fifo.o(.text.fifo_clear)
    fifo_read_buffer                         0x080024e1   Thumb Code   260  zf_common_fifo.o(.text.fifo_read_buffer)
    fifo_used                                0x080025e5   Thumb Code    28  zf_common_fifo.o(.text.fifo_used)
    fifo_write_buffer                        0x08002601   Thumb Code   264  zf_common_fifo.o(.text.fifo_write_buffer)
    flash_buffer_clear                       0x0800270d   Thumb Code    16  zf_driver_flash.o(.text.flash_buffer_clear)
    flash_check                              0x0800271d   Thumb Code    80  zf_driver_flash.o(.text.flash_check)
    flash_erase_page                         0x0800276d   Thumb Code   160  zf_driver_flash.o(.text.flash_erase_page)
    flash_read_page_to_buffer                0x08002811   Thumb Code    68  zf_driver_flash.o(.text.flash_read_page_to_buffer)
    flash_write_page_from_buffer             0x08002855   Thumb Code   164  zf_driver_flash.o(.text.flash_write_page_from_buffer)
    fputc                                    0x0800290d   Thumb Code    24  zf_common_debug.o(.text.fputc)
    func_float_to_str                        0x08002929   Thumb Code   280  zf_common_function.o(.text.func_float_to_str)
    func_get_greatest_common_divisor         0x08002a45   Thumb Code    18  zf_common_function.o(.text.func_get_greatest_common_divisor)
    func_int_to_str                          0x08002a59   Thumb Code   104  zf_common_function.o(.text.func_int_to_str)
    getAccelAngle                            0x08002ac5   Thumb Code    80  kfilter.o(.text.getAccelAngle)
    gpio_get_level                           0x08002b21   Thumb Code    28  zf_driver_gpio.o(.text.gpio_get_level)
    gpio_init                                0x08002b3d   Thumb Code   132  zf_driver_gpio.o(.text.gpio_init)
    gpio_set_level                           0x08002bc5   Thumb Code    40  zf_driver_gpio.o(.text.gpio_set_level)
    gps_uart_callback                        0x08002bf1   Thumb Code   156  zf_device_gps_tau1201.o(.text.gps_uart_callback)
    interrupt_enable                         0x08002ca1   Thumb Code    28  zf_common_interrupt.o(.text.interrupt_enable)
    interrupt_global_disable                 0x08002cc1   Thumb Code    16  zf_common_interrupt.o(.text.interrupt_global_disable)
    interrupt_global_enable                  0x08002cd1   Thumb Code    20  zf_common_interrupt.o(.text.interrupt_global_enable)
    interrupt_init                           0x08002ce9   Thumb Code    20  zf_common_interrupt.o(.text.interrupt_init)
    interrupt_set_priority                   0x08002d05   Thumb Code    24  zf_common_interrupt.o(.text.interrupt_set_priority)
    key_get_state                            0x08002d25   Thumb Code     8  zf_device_key.o(.text.key_get_state)
    key_init                                 0x08002d2d   Thumb Code    60  zf_device_key.o(.text.key_init)
    key_scanner                              0x08002d95   Thumb Code   120  zf_device_key.o(.text.key_scanner)
    main                                     0x08002e15   Thumb Code   108  main.o(.text.main)
    mpu6050_get_acc                          0x08002ea1   Thumb Code    48  zf_device_mpu6050.o(.text.mpu6050_get_acc)
    mpu6050_get_gyro                         0x08002ed1   Thumb Code    48  zf_device_mpu6050.o(.text.mpu6050_get_gyro)
    mpu6050_gyro_transition                  0x08002f01   Thumb Code    16  zf_device_mpu6050.o(.text.mpu6050_gyro_transition)
    mpu6050_init                             0x08002f15   Thumb Code   164  zf_device_mpu6050.o(.text.mpu6050_init)
    oled_clear                               0x0800300d   Thumb Code    68  zf_device_oled.o(.text.oled_clear)
    oled_init                                0x08003051   Thumb Code   316  zf_device_oled.o(.text.oled_init)
    oled_set_dir                             0x080031f5   Thumb Code     8  zf_device_oled.o(.text.oled_set_dir)
    oled_show_float                          0x080031fd   Thumb Code   240  zf_device_oled.o(.text.oled_show_float)
    oled_show_int                            0x080032f5   Thumb Code   152  zf_device_oled.o(.text.oled_show_int)
    oled_show_string                         0x08003391   Thumb Code   256  zf_device_oled.o(.text.oled_show_string)
    pit_handler                              0x080034cd   Thumb Code   392  main.o(.text.pit_handler)
    pit_init                                 0x0800367d   Thumb Code   164  zf_driver_pit.o(.text.pit_init)
    pwm_init                                 0x08003739   Thumb Code   356  zf_driver_pwm.o(.text.pwm_init)
    soft_iic_init                            0x080038b1   Thumb Code    88  zf_driver_soft_iic.o(.text.soft_iic_init)
    soft_iic_read_8bit_register              0x08003909   Thumb Code    64  zf_driver_soft_iic.o(.text.soft_iic_read_8bit_register)
    soft_iic_read_8bit_registers             0x08003949   Thumb Code   100  zf_driver_soft_iic.o(.text.soft_iic_read_8bit_registers)
    soft_iic_write_8bit_register             0x08003c51   Thumb Code    60  zf_driver_soft_iic.o(.text.soft_iic_write_8bit_register)
    spi_init                                 0x08003c95   Thumb Code   348  zf_driver_spi.o(.text.spi_init)
    spi_write_8bit                           0x08003dfd   Thumb Code    32  zf_driver_spi.o(.text.spi_write_8bit)
    system_delay_ms                          0x08003e21   Thumb Code    68  zf_driver_delay.o(.text.system_delay_ms)
    timer_clear                              0x08003e71   Thumb Code    72  zf_driver_timer.o(.text.timer_clear)
    timer_clock_enable                       0x08003ebd   Thumb Code   108  zf_driver_timer.o(.text.timer_clock_enable)
    timer_funciton_check                     0x08003f2d   Thumb Code    24  zf_driver_timer.o(.text.timer_funciton_check)
    timer_get                                0x08003f45   Thumb Code    84  zf_driver_timer.o(.text.timer_get)
    tsl1401_collect_pit_handler              0x08003fa1   Thumb Code   112  zf_device_tsl1401.o(.text.tsl1401_collect_pit_handler)
    uart_init                                0x08004021   Thumb Code   356  zf_driver_uart.o(.text.uart_init)
    uart_query_byte                          0x08004191   Thumb Code    44  zf_driver_uart.o(.text.uart_query_byte)
    uart_write_byte                          0x080041bd   Thumb Code    16  zf_driver_uart.o(.text.uart_write_byte)
    uart_write_string                        0x080041d1   Thumb Code    40  zf_driver_uart.o(.text.uart_write_string)
    __0printf                                0x080041fd   Thumb Code    22  printfa.o(i.__0printf)
    __1printf                                0x080041fd   Thumb Code     0  printfa.o(i.__0printf)
    __2printf                                0x080041fd   Thumb Code     0  printfa.o(i.__0printf)
    __c89printf                              0x080041fd   Thumb Code     0  printfa.o(i.__0printf)
    printf                                   0x080041fd   Thumb Code     0  printfa.o(i.__0printf)
    __0sprintf                               0x0800421d   Thumb Code    34  printfa.o(i.__0sprintf)
    __1sprintf                               0x0800421d   Thumb Code     0  printfa.o(i.__0sprintf)
    __2sprintf                               0x0800421d   Thumb Code     0  printfa.o(i.__0sprintf)
    __c89sprintf                             0x0800421d   Thumb Code     0  printfa.o(i.__0sprintf)
    sprintf                                  0x0800421d   Thumb Code     0  printfa.o(i.__0sprintf)
    __ARM_fpclassify                         0x08004245   Thumb Code    40  fpclassify.o(i.__ARM_fpclassify)
    __kernel_poly                            0x0800426d   Thumb Code   170  poly.o(i.__kernel_poly)
    __mathlib_dbl_infnan                     0x08004317   Thumb Code     6  dunder.o(i.__mathlib_dbl_infnan)
    __mathlib_dbl_infnan2                    0x0800431d   Thumb Code     4  dunder.o(i.__mathlib_dbl_infnan2)
    __mathlib_dbl_underflow                  0x08004321   Thumb Code    10  dunder.o(i.__mathlib_dbl_underflow)
    __scatterload_copy                       0x08004331   Thumb Code    14  handlers.o(i.__scatterload_copy)
    __scatterload_null                       0x0800433f   Thumb Code     2  handlers.o(i.__scatterload_null)
    __scatterload_zeroinit                   0x08004341   Thumb Code    14  handlers.o(i.__scatterload_zeroinit)
    __set_errno                              0x08004351   Thumb Code     6  errno.o(i.__set_errno)
    atan                                     0x08004c19   Thumb Code   474  atan.o(i.atan)
    atan2                                    0x08004e39   Thumb Code   374  atan2.o(i.atan2)
    sqrt                                     0x08004fd5   Thumb Code    76  sqrt.o(i.sqrt)
    __mathlib_zero                           0x080050b8   Data           8  qnan.o(.constdata)
    ascii_font_6x8                           0x0800516c   Data         552  zf_common_font.o(.rodata.ascii_font_6x8)
    ascii_font_8x16                          0x08005394   Data        1520  zf_common_font.o(.rodata.ascii_font_8x16)
    Region$$Table$$Base                      0x08005ba4   Number         0  anon$$obj.o(Region$$Table)
    Region$$Table$$Limit                     0x08005bc4   Number         0  anon$$obj.o(Region$$Table)
    __stdout                                 0x20000000   Data           4  stdout.o(.data)
    camera_uart_handler                      0x20000008   Data           4  zf_device_type.o(.data..L_MergedGlobals)
    camera_vsync_handler                     0x2000000c   Data           4  zf_device_type.o(.data..L_MergedGlobals)
    camera_dma_handler                       0x20000010   Data           4  zf_device_type.o(.data..L_MergedGlobals)
    dl1a_distance_mm                         0x20000014   Data           2  zf_device_dl1a.o(.data.dl1a_distance_mm)
    gpio_group                               0x20000020   Data          32  zf_driver_gpio.o(.data.gpio_group)
    interface                                0x20000040   Data       28800  menu.o(.data.interface)
    system_clock                             0x200070c4   Data           4  zf_common_clock.o(.data.system_clock)
    wireless_module_uart_handler             0x200070c8   Data           4  zf_device_type.o(.data.wireless_module_uart_handler)
    AX                                       0x200070d2   Data           2  main.o(.bss..L_MergedGlobals)
    AY                                       0x200070d4   Data           2  main.o(.bss..L_MergedGlobals)
    AZ                                       0x200070d6   Data           2  main.o(.bss..L_MergedGlobals)
    Speed2                                   0x200070d8   Data           2  main.o(.bss..L_MergedGlobals)
    Speed1                                   0x200070da   Data           2  main.o(.bss..L_MergedGlobals)
    gyro_yaw                                 0x200070dc   Data           4  main.o(.bss..L_MergedGlobals)
    yaw                                      0x200070e0   Data           4  main.o(.bss..L_MergedGlobals)
    Offset                                   0x200070e4   Data           4  main.o(.bss..L_MergedGlobals)
    pitch                                    0x200070e8   Data           4  main.o(.bss..L_MergedGlobals)
    KF                                       0x200070ec   Data          40  main.o(.bss..L_MergedGlobals)
    dl1a_finsh_flag                          0x20007140   Data           1  zf_device_dl1a.o(.bss..L_MergedGlobals)
    gps_tau1201_flag                         0x20007160   Data           1  zf_device_gps_tau1201.o(.bss..L_MergedGlobals)
    gps_gga_state                            0x20007161   Data           1  zf_device_gps_tau1201.o(.bss..L_MergedGlobals)
    gps_rmc_state                            0x20007162   Data           1  zf_device_gps_tau1201.o(.bss..L_MergedGlobals)
    gps_tau1201                              0x20007180   Data          64  zf_device_gps_tau1201.o(.bss..L_MergedGlobals)
    mpu6050_gyro_x                           0x200071d8   Data           2  zf_device_mpu6050.o(.bss..L_MergedGlobals)
    mpu6050_gyro_y                           0x200071da   Data           2  zf_device_mpu6050.o(.bss..L_MergedGlobals)
    mpu6050_gyro_z                           0x200071dc   Data           2  zf_device_mpu6050.o(.bss..L_MergedGlobals)
    mpu6050_acc_x                            0x200071de   Data           2  zf_device_mpu6050.o(.bss..L_MergedGlobals)
    mpu6050_acc_y                            0x200071e0   Data           2  zf_device_mpu6050.o(.bss..L_MergedGlobals)
    mpu6050_acc_z                            0x200071e2   Data           2  zf_device_mpu6050.o(.bss..L_MergedGlobals)
    tsl1401_finish_flag                      0x200071f7   Data           1  zf_device_tsl1401.o(.bss..L_MergedGlobals)
    current_interface                        0x200071f8   Data           1  menu.o(.bss..L_MergedGlobals)
    running_mode                             0x200071f9   Data           1  menu.o(.bss..L_MergedGlobals)
    current_mode                             0x200071fa   Data           2  menu.o(.bss..L_MergedGlobals)
    current_option_index                     0x200071fc   Data           2  menu.o(.bss..L_MergedGlobals)
    flash_union_buffer                       0x20007204   Data        1024  zf_driver_flash.o(.bss.flash_union_buffer)
    tsl1401_data                             0x20007708   Data         512  zf_device_tsl1401.o(.bss.tsl1401_data)
    Image$$ARM_LIB_STACK$$ZI$$Limit          0x20020000   Number         0  anon$$obj.o ABSOLUTE



==============================================================================

Memory Map of the image

  Image Entry point : 0x08000401

  Load Region LR_m_text (Base: 0x08000000, Size: 0x0000cc98, Max: 0x00080000, ABSOLUTE, COMPRESSED[0x00005f10])

    Execution Region VECTOR_ROM (Exec base: 0x08000000, Load base: 0x08000000, Size: 0x00000190, Max: 0x00000400, ABSOLUTE)

    Exec Addr    Load Addr    Size         Type   Attr      Idx    E Section Name        Object

    0x08000000   0x08000000   0x00000190   Data   RO         1764    RESET               startup_mm32f3277g.o


    Execution Region ER_m_text (Exec base: 0x08000400, Load base: 0x08000400, Size: 0x000057c4, Max: 0x0007fc00, ABSOLUTE, FIXED)

    Exec Addr    Load Addr    Size         Type   Attr      Idx    E Section Name        Object

    0x08000400   0x08000400   0x00000000   Code   RO         3020  * .ARM.Collect$$$$00000000  mc_w.l(entry.o)
    0x08000400   0x08000400   0x00000004   Code   RO         3385    .ARM.Collect$$$$00000003  mc_w.l(entry4.o)
    0x08000404   0x08000404   0x00000004   Code   RO         3388    .ARM.Collect$$$$00000004  mc_w.l(entry5.o)
    0x08000408   0x08000408   0x00000000   Code   RO         3390    .ARM.Collect$$$$00000008  mc_w.l(entry7b.o)
    0x08000408   0x08000408   0x00000000   Code   RO         3392    .ARM.Collect$$$$0000000A  mc_w.l(entry8b.o)
    0x08000408   0x08000408   0x00000008   Code   RO         3393    .ARM.Collect$$$$0000000B  mc_w.l(entry9a.o)
    0x08000410   0x08000410   0x00000000   Code   RO         3395    .ARM.Collect$$$$0000000D  mc_w.l(entry10a.o)
    0x08000410   0x08000410   0x00000000   Code   RO         3397    .ARM.Collect$$$$0000000F  mc_w.l(entry11a.o)
    0x08000410   0x08000410   0x00000004   Code   RO         3386    .ARM.Collect$$$$00002714  mc_w.l(entry4.o)
    0x08000414   0x08000414   0x00000024   Code   RO         1765    .text               startup_mm32f3277g.o
    0x08000438   0x08000438   0x00000024   Code   RO         3023    .text               mc_w.l(memcpya.o)
    0x0800045c   0x0800045c   0x00000024   Code   RO         3025    .text               mc_w.l(memseta.o)
    0x08000480   0x08000480   0x0000000e   Code   RO         3033    .text               mc_w.l(strlen.o)
    0x0800048e   0x0800048e   0x0000001a   Code   RO         3037    .text               mc_w.l(memcmp.o)
    0x080004a8   0x080004a8   0x000000b0   Code   RO         3304    .text               mf_w.l(fadd.o)
    0x08000558   0x08000558   0x00000064   Code   RO         3306    .text               mf_w.l(fmul.o)
    0x080005bc   0x080005bc   0x0000007c   Code   RO         3308    .text               mf_w.l(fdiv.o)
    0x08000638   0x08000638   0x0000014e   Code   RO         3310    .text               mf_w.l(dadd.o)
    0x08000786   0x08000786   0x000000e4   Code   RO         3312    .text               mf_w.l(dmul.o)
    0x0800086a   0x0800086a   0x000000de   Code   RO         3314    .text               mf_w.l(ddiv.o)
    0x08000948   0x08000948   0x0000001c   Code   RO         3320    .text               mf_w.l(fcmpge.o)
    0x08000964   0x08000964   0x0000001c   Code   RO         3324    .text               mf_w.l(fcmpeq.o)
    0x08000980   0x08000980   0x00000012   Code   RO         3332    .text               mf_w.l(fflti.o)
    0x08000992   0x08000992   0x0000000a   Code   RO         3334    .text               mf_w.l(ffltui.o)
    0x0800099c   0x0800099c   0x00000032   Code   RO         3340    .text               mf_w.l(ffixi.o)
    0x080009ce   0x080009ce   0x0000003e   Code   RO         3342    .text               mf_w.l(dfixi.o)
    0x08000a0c   0x08000a0c   0x00000026   Code   RO         3346    .text               mf_w.l(f2d.o)
    0x08000a32   0x08000a32   0x00000038   Code   RO         3348    .text               mf_w.l(d2f.o)
    0x08000a6a   0x08000a6a   0x0000002c   Code   RO         3409    .text               mc_w.l(uidiv.o)
    0x08000a96   0x08000a96   0x00000062   Code   RO         3411    .text               mc_w.l(uldiv.o)
    0x08000af8   0x08000af8   0x0000001e   Code   RO         3413    .text               mc_w.l(llshl.o)
    0x08000b16   0x08000b16   0x00000020   Code   RO         3415    .text               mc_w.l(llushr.o)
    0x08000b36   0x08000b36   0x00000024   Code   RO         3417    .text               mc_w.l(llsshr.o)
    0x08000b5a   0x08000b5a   0x00000000   Code   RO         3426    .text               mc_w.l(iusefp.o)
    0x08000b5a   0x08000b5a   0x0000006e   Code   RO         3427    .text               mf_w.l(fepilogue.o)
    0x08000bc8   0x08000bc8   0x000000ba   Code   RO         3429    .text               mf_w.l(depilogue.o)
    0x08000c82   0x08000c82   0x0000002e   Code   RO         3431    .text               mf_w.l(dscalb.o)
    0x08000cb0   0x08000cb0   0x000000a2   Code   RO         3433    .text               mf_w.l(dsqrt.o)
    0x08000d52   0x08000d52   0x00000030   Code   RO         3435    .text               mf_w.l(dfixul.o)
    0x08000d82   0x08000d82   0x00000002   PAD
    0x08000d84   0x08000d84   0x00000030   Code   RO         3437    .text               mf_w.l(cdcmple.o)
    0x08000db4   0x08000db4   0x00000030   Code   RO         3439    .text               mf_w.l(cdrcmple.o)
    0x08000de4   0x08000de4   0x00000030   Code   RO         3441    .text               mc_w.l(init.o)
    0x08000e14   0x08000e14   0x00000056   Code   RO         3451    .text               mc_w.l(__dczerorl2.o)
    0x08000e6a   0x08000e6a   0x0000001e   Code   RO         2794    .text.BuzzerAndLED_Init  buzzerandled.o
    0x08000e88   0x08000e88   0x00000014   Code   RO           72    .text.DMA1_Channel1_IRQHandler  isr.o
    0x08000e9c   0x08000e9c   0x00000014   Code   RO           74    .text.DMA1_Channel2_IRQHandler  isr.o
    0x08000eb0   0x08000eb0   0x00000014   Code   RO           76    .text.DMA1_Channel3_IRQHandler  isr.o
    0x08000ec4   0x08000ec4   0x00000020   Code   RO           78    .text.DMA1_Channel4_IRQHandler  isr.o
    0x08000ee4   0x08000ee4   0x00000014   Code   RO           80    .text.DMA1_Channel5_IRQHandler  isr.o
    0x08000ef8   0x08000ef8   0x00000014   Code   RO           82    .text.DMA1_Channel6_IRQHandler  isr.o
    0x08000f0c   0x08000f0c   0x00000018   Code   RO           84    .text.DMA1_Channel7_IRQHandler  isr.o
    0x08000f24   0x08000f24   0x00000014   Code   RO           86    .text.DMA2_Channel1_IRQHandler  isr.o
    0x08000f38   0x08000f38   0x00000014   Code   RO           88    .text.DMA2_Channel2_IRQHandler  isr.o
    0x08000f4c   0x08000f4c   0x00000014   Code   RO           90    .text.DMA2_Channel3_IRQHandler  isr.o
    0x08000f60   0x08000f60   0x00000014   Code   RO           92    .text.DMA2_Channel4_IRQHandler  isr.o
    0x08000f74   0x08000f74   0x00000018   Code   RO           94    .text.DMA2_Channel5_IRQHandler  isr.o
    0x08000f8c   0x08000f8c   0x0000000c   Code   RO           58    .text.EXTI0_IRQHandler  isr.o
    0x08000f98   0x08000f98   0x00000064   Code   RO           70    .text.EXTI15_10_IRQHandler  isr.o
    0x08000ffc   0x08000ffc   0x0000000c   Code   RO           60    .text.EXTI1_IRQHandler  isr.o
    0x08001008   0x08001008   0x0000000c   Code   RO           62    .text.EXTI2_IRQHandler  isr.o
    0x08001014   0x08001014   0x0000000c   Code   RO           64    .text.EXTI3_IRQHandler  isr.o
    0x08001020   0x08001020   0x00000014   Code   RO           66    .text.EXTI4_IRQHandler  isr.o
    0x08001034   0x08001034   0x0000005c   Code   RO           68    .text.EXTI9_5_IRQHandler  isr.o
    0x08001090   0x08001090   0x00000012   Code   RO         2761    .text.Encoder_Clear  encoder.o
    0x080010a2   0x080010a2   0x0000002e   Code   RO         2755    .text.Encoder_Init  encoder.o
    0x080010d0   0x080010d0   0x00000006   Code   RO         2757    .text.Get_Count1    encoder.o
    0x080010d6   0x080010d6   0x00000006   Code   RO         2759    .text.Get_Count2    encoder.o
    0x080010dc   0x080010dc   0x00000124   Code   RO         2873    .text.Kalman_Calculate  kfilter.o
    0x08001200   0x08001200   0x00000014   Code   RO         2871    .text.Kalman_Init   kfilter.o
    0x08001214   0x08001214   0x00000040   Code   RO         2839    .text.Menu_Backward  menu.o
    0x08001254   0x08001254   0x00000044   Code   RO         2835    .text.Menu_Down     menu.o
    0x08001298   0x08001298   0x00000010   Code   RO         2823    .text.Menu_Event    menu.o
    0x080012a8   0x080012a8   0x00000068   Code   RO         2837    .text.Menu_Forward  menu.o
    0x08001310   0x08001310   0x00000028   Code   RO         2825    .text.Menu_Init     menu.o
    0x08001338   0x08001338   0x0000009c   Code   RO         2829    .text.Menu_JustRefreshValue  menu.o
    0x080013d4   0x080013d4   0x00000060   Code   RO         2819    .text.Menu_ReadFlashToValue  menu.o
    0x08001434   0x08001434   0x00000154   Code   RO         2827    .text.Menu_Refresh  menu.o
    0x08001588   0x08001588   0x0000004c   Code   RO         2821    .text.Menu_RefreshValue  menu.o
    0x080015d4   0x080015d4   0x00000074   Code   RO         2831    .text.Menu_SavePIDToFlash  menu.o
    0x08001648   0x08001648   0x0000004c   Code   RO         2833    .text.Menu_Up       menu.o
    0x08001694   0x08001694   0x00000040   Code   RO         2737    .text.Motor_Init    motor.o
    0x080016d4   0x080016d4   0x00000010   Code   RO            8    .text.OUTLINED_FUNCTION_0  main.o
    0x080016e4   0x080016e4   0x0000000c   Code   RO           96    .text.OUTLINED_FUNCTION_0  isr.o
    0x080016f0   0x080016f0   0x00000016   Code   RO          143    .text.OUTLINED_FUNCTION_0  zf_common_debug.o
    0x08001706   0x08001706   0x0000000e   Code   RO          186    .text.OUTLINED_FUNCTION_0  zf_common_fifo.o
    0x08001714   0x08001714   0x0000000c   Code   RO          340    .text.OUTLINED_FUNCTION_0  zf_driver_encoder.o
    0x08001720   0x08001720   0x0000000c   Code   RO          384    .text.OUTLINED_FUNCTION_0  zf_driver_flash.o
    0x0800172c   0x0800172c   0x0000000a   Code   RO         1309    .text.OUTLINED_FUNCTION_0  zf_device_mpu6050.o
    0x08001736   0x08001736   0x0000000a   Code   RO         1387    .text.OUTLINED_FUNCTION_0  zf_device_oled.o
    0x08001740   0x08001740   0x00000012   Code   RO         1612    .text.OUTLINED_FUNCTION_0  zf_device_tsl1401.o
    0x08001752   0x08001752   0x00000008   Code   RO         2741    .text.OUTLINED_FUNCTION_0  motor.o
    0x0800175a   0x0800175a   0x0000001a   Code   RO         2847    .text.OUTLINED_FUNCTION_0  menu.o
    0x08001774   0x08001774   0x0000000c   Code   RO           98    .text.OUTLINED_FUNCTION_1  isr.o
    0x08001780   0x08001780   0x00000014   Code   RO          145    .text.OUTLINED_FUNCTION_1  zf_common_debug.o
    0x08001794   0x08001794   0x0000000c   Code   RO          188    .text.OUTLINED_FUNCTION_1  zf_common_fifo.o
    0x080017a0   0x080017a0   0x0000000e   Code   RO          342    .text.OUTLINED_FUNCTION_1  zf_driver_encoder.o
    0x080017ae   0x080017ae   0x0000000c   Code   RO          386    .text.OUTLINED_FUNCTION_1  zf_driver_flash.o
    0x080017ba   0x080017ba   0x0000000a   Code   RO         1389    .text.OUTLINED_FUNCTION_1  zf_device_oled.o
    0x080017c4   0x080017c4   0x00000008   Code   RO         2780    .text.OUTLINED_FUNCTION_1  sensor.o
    0x080017cc   0x080017cc   0x00000012   Code   RO         2849    .text.OUTLINED_FUNCTION_1  menu.o
    0x080017de   0x080017de   0x00000006   Code   RO          628    .text.OUTLINED_FUNCTION_10  zf_driver_soft_iic.o
    0x080017e4   0x080017e4   0x00000012   Code   RO          630    .text.OUTLINED_FUNCTION_11  zf_driver_soft_iic.o
    0x080017f6   0x080017f6   0x00000008   Code   RO          798    .text.OUTLINED_FUNCTION_12  zf_driver_spi.o
    0x080017fe   0x080017fe   0x00000006   Code   RO          634    .text.OUTLINED_FUNCTION_13  zf_driver_soft_iic.o
    0x08001804   0x08001804   0x00000006   Code   RO          638    .text.OUTLINED_FUNCTION_15  zf_driver_soft_iic.o
    0x0800180a   0x0800180a   0x0000000c   Code   RO          640    .text.OUTLINED_FUNCTION_16  zf_driver_soft_iic.o
    0x08001816   0x08001816   0x00000008   Code   RO          644    .text.OUTLINED_FUNCTION_18  zf_driver_soft_iic.o
    0x0800181e   0x0800181e   0x0000000c   Code   RO          646    .text.OUTLINED_FUNCTION_19  zf_driver_soft_iic.o
    0x0800182a   0x0800182a   0x0000000a   Code   RO          100    .text.OUTLINED_FUNCTION_2  isr.o
    0x08001834   0x08001834   0x00000012   Code   RO          147    .text.OUTLINED_FUNCTION_2  zf_common_debug.o
    0x08001846   0x08001846   0x00000006   Code   RO          190    .text.OUTLINED_FUNCTION_2  zf_common_fifo.o
    0x0800184c   0x0800184c   0x00000010   Code   RO          249    .text.OUTLINED_FUNCTION_2  zf_common_function.o
    0x0800185c   0x0800185c   0x0000000c   Code   RO          344    .text.OUTLINED_FUNCTION_2  zf_driver_encoder.o
    0x08001868   0x08001868   0x00000016   Code   RO          778    .text.OUTLINED_FUNCTION_2  zf_driver_spi.o
    0x0800187e   0x0800187e   0x00000008   Code   RO         1391    .text.OUTLINED_FUNCTION_2  zf_device_oled.o
    0x08001886   0x08001886   0x00000008   Code   RO         2851    .text.OUTLINED_FUNCTION_2  menu.o
    0x0800188e   0x0800188e   0x00000006   Code   RO          648    .text.OUTLINED_FUNCTION_20  zf_driver_soft_iic.o
    0x08001894   0x08001894   0x00000006   Code   RO          650    .text.OUTLINED_FUNCTION_21  zf_driver_soft_iic.o
    0x0800189a   0x0800189a   0x0000000e   Code   RO          652    .text.OUTLINED_FUNCTION_22  zf_driver_soft_iic.o
    0x080018a8   0x080018a8   0x0000000a   Code   RO          102    .text.OUTLINED_FUNCTION_3  isr.o
    0x080018b2   0x080018b2   0x00000012   Code   RO          149    .text.OUTLINED_FUNCTION_3  zf_common_debug.o
    0x080018c4   0x080018c4   0x0000000a   Code   RO          192    .text.OUTLINED_FUNCTION_3  zf_common_fifo.o
    0x080018ce   0x080018ce   0x00000006   Code   RO          614    .text.OUTLINED_FUNCTION_3  zf_driver_soft_iic.o
    0x080018d4   0x080018d4   0x0000000a   Code   RO          780    .text.OUTLINED_FUNCTION_3  zf_driver_spi.o
    0x080018de   0x080018de   0x0000000e   Code   RO         1393    .text.OUTLINED_FUNCTION_3  zf_device_oled.o
    0x080018ec   0x080018ec   0x0000001a   Code   RO         2853    .text.OUTLINED_FUNCTION_3  menu.o
    0x08001906   0x08001906   0x0000000e   Code   RO          151    .text.OUTLINED_FUNCTION_4  zf_common_debug.o
    0x08001914   0x08001914   0x0000001c   Code   RO          616    .text.OUTLINED_FUNCTION_4  zf_driver_soft_iic.o
    0x08001930   0x08001930   0x0000000e   Code   RO         2855    .text.OUTLINED_FUNCTION_4  menu.o
    0x0800193e   0x0800193e   0x0000000a   Code   RO          618    .text.OUTLINED_FUNCTION_5  zf_driver_soft_iic.o
    0x08001948   0x08001948   0x0000000a   Code   RO         1397    .text.OUTLINED_FUNCTION_5  zf_device_oled.o
    0x08001952   0x08001952   0x00000008   Code   RO         2857    .text.OUTLINED_FUNCTION_5  menu.o
    0x0800195a   0x0800195a   0x0000000c   Code   RO          620    .text.OUTLINED_FUNCTION_6  zf_driver_soft_iic.o
    0x08001966   0x08001966   0x0000000e   Code   RO         2859    .text.OUTLINED_FUNCTION_6  menu.o
    0x08001974   0x08001974   0x00000008   Code   RO          622    .text.OUTLINED_FUNCTION_7  zf_driver_soft_iic.o
    0x0800197c   0x0800197c   0x0000000a   Code   RO          968    .text.OUTLINED_FUNCTION_7  zf_device_dl1a.o
    0x08001986   0x08001986   0x0000000a   Code   RO          970    .text.OUTLINED_FUNCTION_8  zf_device_dl1a.o
    0x08001990   0x08001990   0x00000014   Code   RO          626    .text.OUTLINED_FUNCTION_9  zf_driver_soft_iic.o
    0x080019a4   0x080019a4   0x00000044   Code   RO         2770    .text.Sensor_Init   sensor.o
    0x080019e8   0x080019e8   0x0000000c   Code   RO         1757    .text.SystemInit    system_mm32f3277g.o
    0x080019f4   0x080019f4   0x0000000c   Code   RO           26    .text.TIM1_UP_IRQHandler  isr.o
    0x08001a00   0x08001a00   0x0000000c   Code   RO           28    .text.TIM2_IRQHandler  isr.o
    0x08001a0c   0x08001a0c   0x0000000c   Code   RO           30    .text.TIM3_IRQHandler  isr.o
    0x08001a18   0x08001a18   0x0000000c   Code   RO           32    .text.TIM4_IRQHandler  isr.o
    0x08001a24   0x08001a24   0x0000000c   Code   RO           34    .text.TIM5_IRQHandler  isr.o
    0x08001a30   0x08001a30   0x00000010   Code   RO           36    .text.TIM6_IRQHandler  isr.o
    0x08001a40   0x08001a40   0x0000000c   Code   RO           38    .text.TIM7_IRQHandler  isr.o
    0x08001a4c   0x08001a4c   0x00000010   Code   RO           40    .text.TIM8_UP_IRQHandler  isr.o
    0x08001a5c   0x08001a5c   0x00000024   Code   RO           42    .text.UART1_IRQHandler  isr.o
    0x08001a80   0x08001a80   0x00000024   Code   RO           44    .text.UART2_IRQHandler  isr.o
    0x08001aa4   0x08001aa4   0x00000024   Code   RO           46    .text.UART3_IRQHandler  isr.o
    0x08001ac8   0x08001ac8   0x00000024   Code   RO           48    .text.UART4_IRQHandler  isr.o
    0x08001aec   0x08001aec   0x00000024   Code   RO           50    .text.UART5_IRQHandler  isr.o
    0x08001b10   0x08001b10   0x00000028   Code   RO           52    .text.UART6_IRQHandler  isr.o
    0x08001b38   0x08001b38   0x00000024   Code   RO           54    .text.UART7_IRQHandler  isr.o
    0x08001b5c   0x08001b5c   0x00000028   Code   RO           56    .text.UART8_IRQHandler  isr.o
    0x08001b84   0x08001b84   0x00000044   Code   RO          283    .text.adc_convert   zf_driver_adc.o
    0x08001bc8   0x08001bc8   0x00000060   Code   RO          408    .text.afio_init     zf_driver_gpio.o
    0x08001c28   0x08001c28   0x00000030   Code   RO         2877    .text.calculatePitchAngle  kfilter.o
    0x08001c58   0x08001c58   0x000001ec   Code   RO          111    .text.clock_init    zf_common_clock.o
    0x08001e44   0x08001e44   0x000000d8   Code   RO          129    .text.debug_assert_handler  zf_common_debug.o
    0x08001f1c   0x08001f1c   0x00000040   Code   RO          139    .text.debug_init    zf_common_debug.o
    0x08001f5c   0x08001f5c   0x00000030   Code   RO          133    .text.debug_log_handler  zf_common_debug.o
    0x08001f8c   0x08001f8c   0x00000244   Code   RO          131    .text.debug_output  zf_common_debug.o
    0x080021d0   0x080021d0   0x00000028   Code   RO          137    .text.debug_output_init  zf_common_debug.o
    0x080021f8   0x080021f8   0x00000016   Code   RO          135    .text.debug_output_struct_init  zf_common_debug.o
    0x0800220e   0x0800220e   0x00000008   Code   RO          141    .text.debug_uart_str_output  zf_common_debug.o
    0x08002216   0x08002216   0x00000002   PAD
    0x08002218   0x08002218   0x0000005c   Code   RO          938    .text.dl1a_get_distance  zf_device_dl1a.o
    0x08002274   0x08002274   0x00000004   Code   RO          940    .text.dl1a_int_handler  zf_device_dl1a.o
    0x08002278   0x08002278   0x00000018   Code   RO          985    .text.dm1xa_light_callback  zf_device_dm1xa.o
    0x08002290   0x08002290   0x00000090   Code   RO          983    .text.dm1xa_sound_callback  zf_device_dm1xa.o
    0x08002320   0x08002320   0x00000040   Code   RO          334    .text.encoder_clear_count  zf_driver_encoder.o
    0x08002360   0x08002360   0x00000060   Code   RO          332    .text.encoder_get_count  zf_driver_encoder.o
    0x080023c0   0x080023c0   0x000000a4   Code   RO          336    .text.encoder_quad_init  zf_driver_encoder.o
    0x08002464   0x08002464   0x00000058   Code   RO          166    .text.fifo_clear    zf_common_fifo.o
    0x080024bc   0x080024bc   0x00000012   Code   RO          178    .text.fifo_end_offset  zf_common_fifo.o
    0x080024ce   0x080024ce   0x00000012   Code   RO          172    .text.fifo_head_offset  zf_common_fifo.o
    0x080024e0   0x080024e0   0x00000104   Code   RO          180    .text.fifo_read_buffer  zf_common_fifo.o
    0x080025e4   0x080025e4   0x0000001c   Code   RO          168    .text.fifo_used     zf_common_fifo.o
    0x08002600   0x08002600   0x0000010c   Code   RO          174    .text.fifo_write_buffer  zf_common_fifo.o
    0x0800270c   0x0800270c   0x00000010   Code   RO          382    .text.flash_buffer_clear  zf_driver_flash.o
    0x0800271c   0x0800271c   0x00000050   Code   RO          370    .text.flash_check   zf_driver_flash.o
    0x0800276c   0x0800276c   0x000000a4   Code   RO          372    .text.flash_erase_page  zf_driver_flash.o
    0x08002810   0x08002810   0x00000044   Code   RO          378    .text.flash_read_page_to_buffer  zf_driver_flash.o
    0x08002854   0x08002854   0x000000b8   Code   RO          380    .text.flash_write_page_from_buffer  zf_driver_flash.o
    0x0800290c   0x0800290c   0x0000001c   Code   RO          121    .text.fputc         zf_common_debug.o
    0x08002928   0x08002928   0x0000011c   Code   RO          229    .text.func_float_to_str  zf_common_function.o
    0x08002a44   0x08002a44   0x00000012   Code   RO          215    .text.func_get_greatest_common_divisor  zf_common_function.o
    0x08002a56   0x08002a56   0x00000002   PAD
    0x08002a58   0x08002a58   0x0000006c   Code   RO          221    .text.func_int_to_str  zf_common_function.o
    0x08002ac4   0x08002ac4   0x0000005c   Code   RO         2875    .text.getAccelAngle  kfilter.o
    0x08002b20   0x08002b20   0x0000001c   Code   RO          400    .text.gpio_get_level  zf_driver_gpio.o
    0x08002b3c   0x08002b3c   0x00000088   Code   RO          406    .text.gpio_init     zf_driver_gpio.o
    0x08002bc4   0x08002bc4   0x0000002c   Code   RO          398    .text.gpio_set_level  zf_driver_gpio.o
    0x08002bf0   0x08002bf0   0x000000b0   Code   RO         1009    .text.gps_uart_callback  zf_device_gps_tau1201.o
    0x08002ca0   0x08002ca0   0x00000020   Code   RO          266    .text.interrupt_enable  zf_common_interrupt.o
    0x08002cc0   0x08002cc0   0x00000010   Code   RO          264    .text.interrupt_global_disable  zf_common_interrupt.o
    0x08002cd0   0x08002cd0   0x00000018   Code   RO          262    .text.interrupt_global_enable  zf_common_interrupt.o
    0x08002ce8   0x08002ce8   0x0000001c   Code   RO          272    .text.interrupt_init  zf_common_interrupt.o
    0x08002d04   0x08002d04   0x00000020   Code   RO          270    .text.interrupt_set_priority  zf_common_interrupt.o
    0x08002d24   0x08002d24   0x00000008   Code   RO         1281    .text.key_get_state  zf_device_key.o
    0x08002d2c   0x08002d2c   0x00000068   Code   RO         1287    .text.key_init      zf_device_key.o
    0x08002d94   0x08002d94   0x00000080   Code   RO         1279    .text.key_scanner   zf_device_key.o
    0x08002e14   0x08002e14   0x0000008c   Code   RO            4    .text.main          main.o
    0x08002ea0   0x08002ea0   0x00000030   Code   RO         1299    .text.mpu6050_get_acc  zf_device_mpu6050.o
    0x08002ed0   0x08002ed0   0x00000030   Code   RO         1301    .text.mpu6050_get_gyro  zf_device_mpu6050.o
    0x08002f00   0x08002f00   0x00000014   Code   RO         1305    .text.mpu6050_gyro_transition  zf_device_mpu6050.o
    0x08002f14   0x08002f14   0x000000f8   Code   RO         1307    .text.mpu6050_init  zf_device_mpu6050.o
    0x0800300c   0x0800300c   0x00000044   Code   RO         1353    .text.oled_clear    zf_device_oled.o
    0x08003050   0x08003050   0x00000154   Code   RO         1385    .text.oled_init     zf_device_oled.o
    0x080031a4   0x080031a4   0x00000050   Code   RO         1367    .text.oled_set_coordinate  zf_device_oled.o
    0x080031f4   0x080031f4   0x00000008   Code   RO         1361    .text.oled_set_dir  zf_device_oled.o
    0x080031fc   0x080031fc   0x000000f8   Code   RO         1375    .text.oled_show_float  zf_device_oled.o
    0x080032f4   0x080032f4   0x0000009c   Code   RO         1371    .text.oled_show_int  zf_device_oled.o
    0x08003390   0x08003390   0x00000110   Code   RO         1369    .text.oled_show_string  zf_device_oled.o
    0x080034a0   0x080034a0   0x00000014   Code   RO         1355    .text.oled_write_command  zf_device_oled.o
    0x080034b4   0x080034b4   0x00000018   Code   RO         1357    .text.oled_write_data  zf_device_oled.o
    0x080034cc   0x080034cc   0x000001b0   Code   RO            6    .text.pit_handler   main.o
    0x0800367c   0x0800367c   0x000000bc   Code   RO          506    .text.pit_init      zf_driver_pit.o
    0x08003738   0x08003738   0x00000178   Code   RO          519    .text.pwm_init      zf_driver_pwm.o
    0x080038b0   0x080038b0   0x00000058   Code   RO          606    .text.soft_iic_init  zf_driver_soft_iic.o
    0x08003908   0x08003908   0x00000040   Code   RO          590    .text.soft_iic_read_8bit_register  zf_driver_soft_iic.o
    0x08003948   0x08003948   0x00000064   Code   RO          592    .text.soft_iic_read_8bit_registers  zf_driver_soft_iic.o
    0x080039ac   0x080039ac   0x000000ec   Code   RO          582    .text.soft_iic_read_data  zf_driver_soft_iic.o
    0x08003a98   0x08003a98   0x000000fc   Code   RO          562    .text.soft_iic_send_data  zf_driver_soft_iic.o
    0x08003b94   0x08003b94   0x0000005c   Code   RO          560    .text.soft_iic_start  zf_driver_soft_iic.o
    0x08003bf0   0x08003bf0   0x00000060   Code   RO          564    .text.soft_iic_stop  zf_driver_soft_iic.o
    0x08003c50   0x08003c50   0x00000044   Code   RO          572    .text.soft_iic_write_8bit_register  zf_driver_soft_iic.o
    0x08003c94   0x08003c94   0x00000168   Code   RO          772    .text.spi_init      zf_driver_spi.o
    0x08003dfc   0x08003dfc   0x00000024   Code   RO          736    .text.spi_write_8bit  zf_driver_spi.o
    0x08003e20   0x08003e20   0x00000050   Code   RO          300    .text.system_delay_ms  zf_driver_delay.o
    0x08003e70   0x08003e70   0x0000004c   Code   RO          828    .text.timer_clear   zf_driver_timer.o
    0x08003ebc   0x08003ebc   0x00000070   Code   RO          820    .text.timer_clock_enable  zf_driver_timer.o
    0x08003f2c   0x08003f2c   0x00000018   Code   RO          818    .text.timer_funciton_check  zf_driver_timer.o
    0x08003f44   0x08003f44   0x0000005c   Code   RO          826    .text.timer_get     zf_driver_timer.o
    0x08003fa0   0x08003fa0   0x0000007c   Code   RO         1606    .text.tsl1401_collect_pit_handler  zf_device_tsl1401.o
    0x0800401c   0x0800401c   0x00000002   Code   RO         1626    .text.type_default_callback  zf_device_type.o
    0x0800401e   0x0800401e   0x00000002   PAD
    0x08004020   0x08004020   0x00000170   Code   RO          860    .text.uart_init     zf_driver_uart.o
    0x08004190   0x08004190   0x0000002c   Code   RO          854    .text.uart_query_byte  zf_driver_uart.o
    0x080041bc   0x080041bc   0x00000014   Code   RO          846    .text.uart_write_byte  zf_driver_uart.o
    0x080041d0   0x080041d0   0x0000002c   Code   RO          850    .text.uart_write_string  zf_driver_uart.o
    0x080041fc   0x080041fc   0x00000020   Code   RO         3276    i.__0printf         mc_w.l(printfa.o)
    0x0800421c   0x0800421c   0x00000028   Code   RO         3278    i.__0sprintf        mc_w.l(printfa.o)
    0x08004244   0x08004244   0x00000028   Code   RO         3372    i.__ARM_fpclassify  m_ws.l(fpclassify.o)
    0x0800426c   0x0800426c   0x000000aa   Code   RO         3374    i.__kernel_poly     m_ws.l(poly.o)
    0x08004316   0x08004316   0x00000006   Code   RO         3359    i.__mathlib_dbl_infnan  m_ws.l(dunder.o)
    0x0800431c   0x0800431c   0x00000004   Code   RO         3360    i.__mathlib_dbl_infnan2  m_ws.l(dunder.o)
    0x08004320   0x08004320   0x00000010   Code   RO         3364    i.__mathlib_dbl_underflow  m_ws.l(dunder.o)
    0x08004330   0x08004330   0x0000000e   Code   RO         3445    i.__scatterload_copy  mc_w.l(handlers.o)
    0x0800433e   0x0800433e   0x00000002   Code   RO         3446    i.__scatterload_null  mc_w.l(handlers.o)
    0x08004340   0x08004340   0x0000000e   Code   RO         3447    i.__scatterload_zeroinit  mc_w.l(handlers.o)
    0x0800434e   0x0800434e   0x00000002   PAD
    0x08004350   0x08004350   0x0000000c   Code   RO         3421    i.__set_errno       mc_w.l(errno.o)
    0x0800435c   0x0800435c   0x00000184   Code   RO         3283    i._fp_digits        mc_w.l(printfa.o)
    0x080044e0   0x080044e0   0x000006dc   Code   RO         3284    i._printf_core      mc_w.l(printfa.o)
    0x08004bbc   0x08004bbc   0x00000024   Code   RO         3285    i._printf_post_padding  mc_w.l(printfa.o)
    0x08004be0   0x08004be0   0x0000002e   Code   RO         3286    i._printf_pre_padding  mc_w.l(printfa.o)
    0x08004c0e   0x08004c0e   0x0000000a   Code   RO         3288    i._sputc            mc_w.l(printfa.o)
    0x08004c18   0x08004c18   0x00000220   Code   RO         3351    i.atan              m_ws.l(atan.o)
    0x08004e38   0x08004e38   0x0000019c   Code   RO         3005    i.atan2             m_ws.l(atan2.o)
    0x08004fd4   0x08004fd4   0x0000004c   Code   RO         3017    i.sqrt              m_ws.l(sqrt.o)
    0x08005020   0x08005020   0x00000098   Data   RO         3352    .constdata          m_ws.l(atan.o)
    0x080050b8   0x080050b8   0x00000008   Data   RO         3376    .constdata          m_ws.l(qnan.o)
    0x080050c0   0x080050c0   0x000000ac   Data   RO          155    .rodata..L__const.debug_protective_handler.pin_list  zf_common_debug.o
    0x0800516c   0x0800516c   0x00000228   Data   RO          204    .rodata.ascii_font_6x8  zf_common_font.o
    0x08005394   0x08005394   0x000005f0   Data   RO          203    .rodata.ascii_font_8x16  zf_common_font.o
    0x08005984   0x08005984   0x00000020   Data   RO          862    .rodata.cst32       zf_driver_uart.o
    0x080059a4   0x080059a4   0x00000004   Data   RO         1289    .rodata.cst4        zf_device_key.o
    0x080059a8   0x080059a8   0x00000008   Data   RO          289    .rodata.cst8        zf_driver_adc.o
    0x080059b0   0x080059b0   0x00000008   Data   RO          808    .rodata.cst8        zf_driver_spi.o
    0x080059b8   0x080059b8   0x00000009   Data   RO          156    .rodata.str1.1      zf_common_debug.o
    0x080059c1   0x080059c1   0x0000002b   Data   RO          194    .rodata.str1.1      zf_common_fifo.o
    0x080059ec   0x080059ec   0x0000002f   Data   RO          253    .rodata.str1.1      zf_common_function.o
    0x08005a1b   0x08005a1b   0x0000002c   Data   RO          304    .rodata.str1.1      zf_driver_delay.o
    0x08005a47   0x08005a47   0x0000002e   Data   RO          347    .rodata.str1.1      zf_driver_encoder.o
    0x08005a75   0x08005a75   0x0000002c   Data   RO          388    .rodata.str1.1      zf_driver_flash.o
    0x08005aa1   0x08005aa1   0x0000002a   Data   RO          508    .rodata.str1.1      zf_driver_pit.o
    0x08005acb   0x08005acb   0x0000002a   Data   RO          521    .rodata.str1.1      zf_driver_pwm.o
    0x08005af5   0x08005af5   0x0000002f   Data   RO          654    .rodata.str1.1      zf_driver_soft_iic.o
    0x08005b24   0x08005b24   0x0000002a   Data   RO          809    .rodata.str1.1      zf_driver_spi.o
    0x08005b4e   0x08005b4e   0x0000002b   Data   RO          863    .rodata.str1.1      zf_driver_uart.o
    0x08005b79   0x08005b79   0x0000002b   Data   RO         1399    .rodata.str1.1      zf_device_oled.o
    0x08005ba4   0x08005ba4   0x00000020   Data   RO         3444    Region$$Table       anon$$obj.o


    Execution Region RW_m_data (Exec base: 0x20000000, Load base: 0x08005bc8, Size: 0x00007908, Max: 0x0001dc00, ABSOLUTE, COMPRESSED[0x00000348])

    Exec Addr    Load Addr    Size         Type   Attr      Idx    E Section Name        Object

    0x20000000   COMPRESSED   0x00000004   Data   RW         3399    .data               mc_w.l(stdout.o)
    0x20000004   COMPRESSED   0x00000004   Data   RW         3422    .data               mc_w.l(errno.o)
    0x20000008   COMPRESSED   0x0000000c   Data   RW         1635    .data..L_MergedGlobals  zf_device_type.o
    0x20000014   COMPRESSED   0x00000002   Data   RW          972    .data.dl1a_distance_mm  zf_device_dl1a.o
    0x20000016   COMPRESSED   0x00000002   Data   RW          993    .data.dm1xa_distance_mm  zf_device_dm1xa.o
    0x20000018   COMPRESSED   0x00000008   Data   RW          346    .data.encoder_dir_pin  zf_driver_encoder.o
    0x20000020   COMPRESSED   0x00000020   Data   RW          410    .data.gpio_group    zf_driver_gpio.o
    0x20000040   COMPRESSED   0x00007080   Data   RW         2861    .data.interface     menu.o
    0x200070c0   COMPRESSED   0x00000001   Data   RW           15    .data.pit_handler.Count1  main.o
    0x200070c1   COMPRESSED   0x00000003   PAD
    0x200070c4   COMPRESSED   0x00000004   Data   RW          113    .data.system_clock  zf_common_clock.o
    0x200070c8   COMPRESSED   0x00000004   Data   RW         1634    .data.wireless_module_uart_handler  zf_device_type.o
    0x200070cc   COMPRESSED   0x00000001   Data   RW          153    .data.zf_debug_assert_enable  zf_common_debug.o
    0x200070cd   COMPRESSED   0x00000003   PAD
    0x200070d0        -       0x00000044   Zero   RW           18    .bss..L_MergedGlobals  main.o
    0x20007114        -       0x0000001c   Zero   RW          157    .bss..L_MergedGlobals  zf_common_debug.o
    0x20007130        -       0x00000010   Zero   RW          837    .bss..L_MergedGlobals  zf_driver_timer.o
    0x20007140        -       0x00000014   Zero   RW          974    .bss..L_MergedGlobals  zf_device_dl1a.o
    0x20007154        -       0x00000008   Zero   RW          994    .bss..L_MergedGlobals  zf_device_dm1xa.o
    0x2000715c   COMPRESSED   0x00000004   PAD
    0x20007160        -       0x00000060   Zero   RW         1039    .bss..L_MergedGlobals  zf_device_gps_tau1201.o
    0x200071c0        -       0x00000018   Zero   RW         1290    .bss..L_MergedGlobals  zf_device_key.o
    0x200071d8        -       0x0000001c   Zero   RW         1311    .bss..L_MergedGlobals  zf_device_mpu6050.o
    0x200071f4        -       0x00000002   Zero   RW         1400    .bss..L_MergedGlobals  zf_device_oled.o
    0x200071f6        -       0x00000002   Zero   RW         1617    .bss..L_MergedGlobals  zf_device_tsl1401.o
    0x200071f8        -       0x00000006   Zero   RW         2862    .bss..L_MergedGlobals  menu.o
    0x200071fe        -       0x00000002   Zero   RW          290    .bss.adc_resolution  zf_driver_adc.o
    0x20007200        -       0x00000001   Zero   RW          154    .bss.debug_assert_handler.assert_nest_index  zf_common_debug.o
    0x20007201   COMPRESSED   0x00000003   PAD
    0x20007204        -       0x00000400   Zero   RW          389    .bss.flash_union_buffer  zf_driver_flash.o
    0x20007604        -       0x00000080   Zero   RW         1037    .bss.gps_gga_buffer  zf_device_gps_tau1201.o
    0x20007684        -       0x00000080   Zero   RW         1036    .bss.gps_rmc_buffer  zf_device_gps_tau1201.o
    0x20007704        -       0x00000004   Zero   RW          274    .bss.interrupt_nest_count  zf_common_interrupt.o
    0x20007708        -       0x00000200   Zero   RW         1616    .bss.tsl1401_data   zf_device_tsl1401.o


    Execution Region ARM_LIB_HEAP (Exec base: 0x20007908, Load base: 0x08005f10, Size: 0x00000400, Max: 0x00000400, ABSOLUTE)

    Exec Addr    Load Addr    Size         Type   Attr      Idx    E Section Name        Object

    0x20007908        -       0x00000400   Zero   RW            1    ARM_LIB_HEAP.bss    anon$$obj.o


    Execution Region ARM_LIB_STACK (Exec base: 0x2001e000, Load base: 0x08005f10, Size: 0x00002000, Max: 0x00002000, ABSOLUTE)

    Exec Addr    Load Addr    Size         Type   Attr      Idx    E Section Name        Object

    0x2001e000        -       0x00002000   Zero   RW            2    ARM_LIB_STACK.bss   anon$$obj.o


==============================================================================

Image component sizes


      Code (inc. data)   RO Data    RW Data    ZI Data      Debug   Object Name

        30          0          0          0          0       2131   buzzerandled.o
        76          0          0          0          0       1883   encoder.o
       964         92          0          0          0       6305   isr.o
       452         16          0          0          0       2595   kfilter.o
       588         72          0          1         68       3970   main.o
      1266        100          0      28800          6       5677   menu.o
        72          8          0          0          0       3574   motor.o
        76          4          0          0          0       3337   sensor.o
        36          8        400          0          0        832   startup_mm32f3277g.o
        12          4          0          0          0        584   system_mm32f3277g.o
       492         56          0          4          0       2826   zf_common_clock.o
      1098        148        181          1         29       9539   zf_common_debug.o
       722          4         43          0          0       6148   zf_common_fifo.o
         0          0       2072          0          0        720   zf_common_font.o
       426          8         47          0          0      11050   zf_common_function.o
       132         24          0          0          4       4687   zf_common_interrupt.o
       116          8          0          2         20       9681   zf_device_dl1a.o
       168         20          0          2          8       3552   zf_device_dm1xa.o
       176         20          0          0        352      10299   zf_device_gps_tau1201.o
       240         52          4          0         24       3118   zf_device_key.o
       374         88          0          0         28       3462   zf_device_mpu6050.o
      1268         60         43          0          2      12089   zf_device_oled.o
       142         12          0          0        514       3878   zf_device_tsl1401.o
         2          0          0         16          0       1708   zf_device_type.o
        68          8          8          0          2       4886   zf_driver_adc.o
        80         12         44          0          0       1257   zf_driver_delay.o
       362         44         46          8          0       6424   zf_driver_encoder.o
       536         24         44          0       1024       4747   zf_driver_flash.o
       304         12          0         32          0       5364   zf_driver_gpio.o
       188         32         42          0          0       5405   zf_driver_pit.o
       376         32         42          0          0       5698   zf_driver_pwm.o
      1174         12         47          0          0      14300   zf_driver_soft_iic.o
       436         16         50          0          0      11971   zf_driver_spi.o
       304         40          0          0         16       8534   zf_driver_timer.o
       476         28         75          0          0       8244   zf_driver_uart.o

    ----------------------------------------------------------------------
     13238       1064       3220      28872      11320     190475   Object Totals
         0          0         32          0       9216          0   (incl. Generated)
         6          0          0          6          7          0   (incl. Padding)

    ----------------------------------------------------------------------

      Code (inc. data)   RO Data    RW Data    ZI Data      Debug   Library Member Name

       544         70        152          0          0        124   atan.o
       412         38          0          0          0        144   atan2.o
        26          6          0          0          0        204   dunder.o
        40          0          0          0          0         68   fpclassify.o
       170          0          0          0          0         96   poly.o
         0          0          8          0          0          0   qnan.o
        76          0          0          0          0         84   sqrt.o
        86          0          0          0          0          0   __dczerorl2.o
         0          0          0          0          0          0   entry.o
         0          0          0          0          0          0   entry10a.o
         0          0          0          0          0          0   entry11a.o
         8          4          0          0          0          0   entry4.o
         4          0          0          0          0          0   entry5.o
         0          0          0          0          0          0   entry7b.o
         0          0          0          0          0          0   entry8b.o
         8          4          0          0          0          0   entry9a.o
        12          6          0          4          0         68   errno.o
        30          0          0          0          0          0   handlers.o
        48         10          0          0          0         68   init.o
         0          0          0          0          0          0   iusefp.o
        30          0          0          0          0         68   llshl.o
        36          0          0          0          0         68   llsshr.o
        32          0          0          0          0         68   llushr.o
        26          0          0          0          0         80   memcmp.o
        36          0          0          0          0         68   memcpya.o
        36          0          0          0          0        108   memseta.o
      2308         96          0          0          0        604   printfa.o
         0          0          0          4          0          0   stdout.o
        14          0          0          0          0         68   strlen.o
        44          0          0          0          0         80   uidiv.o
        98          0          0          0          0         92   uldiv.o
        48          0          0          0          0         68   cdcmple.o
        48          0          0          0          0         68   cdrcmple.o
        56          0          0          0          0         88   d2f.o
       334          0          0          0          0        148   dadd.o
       222          0          0          0          0        100   ddiv.o
       186          0          0          0          0        176   depilogue.o
        62          0          0          0          0         80   dfixi.o
        48          0          0          0          0         68   dfixul.o
       228          0          0          0          0         96   dmul.o
        46          0          0          0          0         80   dscalb.o
       162          0          0          0          0        100   dsqrt.o
        38          0          0          0          0         68   f2d.o
       176          0          0          0          0        140   fadd.o
        28          0          0          0          0         68   fcmpeq.o
        28          0          0          0          0         68   fcmpge.o
       124          0          0          0          0         88   fdiv.o
       110          0          0          0          0        168   fepilogue.o
        50          0          0          0          0         68   ffixi.o
        18          0          0          0          0         68   fflti.o
        10          0          0          0          0         68   ffltui.o
       100          0          0          0          0         76   fmul.o

    ----------------------------------------------------------------------
      6250        234        160          8          0       4112   Library Totals
         4          0          0          0          0          0   (incl. Padding)

    ----------------------------------------------------------------------

      Code (inc. data)   RO Data    RW Data    ZI Data      Debug   Library Name

      1268        114        160          0          0        720   m_ws.l
      2856        120          0          8          0       1440   mc_w.l
      2122          0          0          0          0       1952   mf_w.l

    ----------------------------------------------------------------------
      6250        234        160          8          0       4112   Library Totals

    ----------------------------------------------------------------------

==============================================================================


      Code (inc. data)   RO Data    RW Data    ZI Data      Debug   

     19488       1298       3380      28880      11320     191891   Grand Totals
     19488       1298       3380        840      11320     191891   ELF Image Totals (compressed)
     19488       1298       3380        840          0          0   ROM Totals

==============================================================================

    Total RO  Size (Code + RO Data)                22868 (  22.33kB)
    Total RW  Size (RW Data + ZI Data)             40200 (  39.26kB)
    Total ROM Size (Code + RO Data + RW Data)      23708 (  23.15kB)

==============================================================================

